Archive member included to satisfy reference by file (symbol)

lib/OLED/libOLED.a(OLED_2in23.c.obj)
                              CMakeFiles/DisplayProject.dir/DisplayProject.c.obj (OLED_2in23_refresh_gram)
lib/Config/libConfig.a(DEV_Config.c.obj)
                              lib/OLED/libOLED.a(OLED_2in23.c.obj) (DEV_Digital_Write)
/usr/lib/gcc/arm-none-eabi/10.3.1/thumb/v6-m/nofp/libgcc.a(_dvmd_tls.o)
                              CMakeFiles/DisplayProject.dir/home/user/git/PicoTelegraphDisplay/pico-sdk/src/rp2_common/pico_divider/divider.S.obj (__aeabi_idiv0)
/usr/lib/gcc/arm-none-eabi/10.3.1/../../../arm-none-eabi/lib/thumb/v6-m/nofp/libg.a(lib_a-atexit.o)
                              /usr/lib/gcc/arm-none-eabi/10.3.1/../../../arm-none-eabi/lib/thumb/v6-m/nofp/crt0.o (atexit)
/usr/lib/gcc/arm-none-eabi/10.3.1/../../../arm-none-eabi/lib/thumb/v6-m/nofp/libg.a(lib_a-calloc.o)
                              CMakeFiles/DisplayProject.dir/home/user/git/PicoTelegraphDisplay/pico-sdk/src/rp2_common/pico_malloc/pico_malloc.c.obj (calloc)
/usr/lib/gcc/arm-none-eabi/10.3.1/../../../arm-none-eabi/lib/thumb/v6-m/nofp/libg.a(lib_a-callocr.o)
                              /usr/lib/gcc/arm-none-eabi/10.3.1/../../../arm-none-eabi/lib/thumb/v6-m/nofp/libg.a(lib_a-calloc.o) (_calloc_r)
/usr/lib/gcc/arm-none-eabi/10.3.1/../../../arm-none-eabi/lib/thumb/v6-m/nofp/libg.a(lib_a-fini.o)
                              /usr/lib/gcc/arm-none-eabi/10.3.1/../../../arm-none-eabi/lib/thumb/v6-m/nofp/crt0.o (__libc_fini_array)
/usr/lib/gcc/arm-none-eabi/10.3.1/../../../arm-none-eabi/lib/thumb/v6-m/nofp/libg.a(lib_a-impure.o)
                              /usr/lib/gcc/arm-none-eabi/10.3.1/../../../arm-none-eabi/lib/thumb/v6-m/nofp/libg.a(lib_a-calloc.o) (_impure_ptr)
/usr/lib/gcc/arm-none-eabi/10.3.1/../../../arm-none-eabi/lib/thumb/v6-m/nofp/libg.a(lib_a-init.o)
                              /usr/lib/gcc/arm-none-eabi/10.3.1/../../../arm-none-eabi/lib/thumb/v6-m/nofp/crt0.o (__libc_init_array)
/usr/lib/gcc/arm-none-eabi/10.3.1/../../../arm-none-eabi/lib/thumb/v6-m/nofp/libg.a(lib_a-malloc.o)
                              CMakeFiles/DisplayProject.dir/home/user/git/PicoTelegraphDisplay/pico-sdk/src/rp2_common/pico_malloc/pico_malloc.c.obj (malloc)
/usr/lib/gcc/arm-none-eabi/10.3.1/../../../arm-none-eabi/lib/thumb/v6-m/nofp/libg.a(lib_a-mallocr.o)
                              /usr/lib/gcc/arm-none-eabi/10.3.1/../../../arm-none-eabi/lib/thumb/v6-m/nofp/libg.a(lib_a-callocr.o) (_malloc_r)
/usr/lib/gcc/arm-none-eabi/10.3.1/../../../arm-none-eabi/lib/thumb/v6-m/nofp/libg.a(lib_a-mlock.o)
                              /usr/lib/gcc/arm-none-eabi/10.3.1/../../../arm-none-eabi/lib/thumb/v6-m/nofp/libg.a(lib_a-mallocr.o) (__malloc_lock)
/usr/lib/gcc/arm-none-eabi/10.3.1/../../../arm-none-eabi/lib/thumb/v6-m/nofp/libg.a(lib_a-realloc.o)
                              CMakeFiles/DisplayProject.dir/home/user/git/PicoTelegraphDisplay/pico-sdk/src/rp2_common/pico_malloc/pico_malloc.c.obj (realloc)
/usr/lib/gcc/arm-none-eabi/10.3.1/../../../arm-none-eabi/lib/thumb/v6-m/nofp/libg.a(lib_a-reallocr.o)
                              /usr/lib/gcc/arm-none-eabi/10.3.1/../../../arm-none-eabi/lib/thumb/v6-m/nofp/libg.a(lib_a-realloc.o) (_realloc_r)
/usr/lib/gcc/arm-none-eabi/10.3.1/../../../arm-none-eabi/lib/thumb/v6-m/nofp/libg.a(lib_a-sbrkr.o)
                              /usr/lib/gcc/arm-none-eabi/10.3.1/../../../arm-none-eabi/lib/thumb/v6-m/nofp/libg.a(lib_a-mallocr.o) (_sbrk_r)
/usr/lib/gcc/arm-none-eabi/10.3.1/../../../arm-none-eabi/lib/thumb/v6-m/nofp/libg.a(lib_a-strlen-stub.o)
                              CMakeFiles/DisplayProject.dir/home/user/git/PicoTelegraphDisplay/pico-sdk/src/rp2_common/pico_stdio/stdio.c.obj (strlen)
/usr/lib/gcc/arm-none-eabi/10.3.1/../../../arm-none-eabi/lib/thumb/v6-m/nofp/libg.a(lib_a-__atexit.o)
                              /usr/lib/gcc/arm-none-eabi/10.3.1/../../../arm-none-eabi/lib/thumb/v6-m/nofp/libg.a(lib_a-atexit.o) (__register_exitproc)
/usr/lib/gcc/arm-none-eabi/10.3.1/../../../arm-none-eabi/lib/thumb/v6-m/nofp/libg.a(lib_a-freer.o)
                              /usr/lib/gcc/arm-none-eabi/10.3.1/../../../arm-none-eabi/lib/thumb/v6-m/nofp/libg.a(lib_a-malloc.o) (_free_r)
/usr/lib/gcc/arm-none-eabi/10.3.1/../../../arm-none-eabi/lib/thumb/v6-m/nofp/libg.a(lib_a-memmove.o)
                              /usr/lib/gcc/arm-none-eabi/10.3.1/../../../arm-none-eabi/lib/thumb/v6-m/nofp/libg.a(lib_a-reallocr.o) (memmove)
/usr/lib/gcc/arm-none-eabi/10.3.1/../../../arm-none-eabi/lib/thumb/v6-m/nofp/libg.a(lib_a-reent.o)
                              /usr/lib/gcc/arm-none-eabi/10.3.1/../../../arm-none-eabi/lib/thumb/v6-m/nofp/libg.a(lib_a-sbrkr.o) (errno)

Discarded input sections

 .text          0x0000000000000000        0x0 /usr/lib/gcc/arm-none-eabi/10.3.1/thumb/v6-m/nofp/crti.o
 .data          0x0000000000000000        0x0 /usr/lib/gcc/arm-none-eabi/10.3.1/thumb/v6-m/nofp/crti.o
[...]
Memory Configuration

Name             Origin             Length             Attributes
FLASH            0x0000000010000000 0x0000000000200000 xr
RAM              0x0000000020000000 0x0000000000040000 xrw
SCRATCH_X        0x0000000020040000 0x0000000000001000 xrw
SCRATCH_Y        0x0000000020041000 0x0000000000001000 xrw
*default*        0x0000000000000000 0xffffffffffffffff

Linker script and memory map

LOAD /usr/lib/gcc/arm-none-eabi/10.3.1/thumb/v6-m/nofp/crti.o
LOAD /usr/lib/gcc/arm-none-eabi/10.3.1/thumb/v6-m/nofp/crtbegin.o
LOAD /usr/lib/gcc/arm-none-eabi/10.3.1/../../../arm-none-eabi/lib/thumb/v6-m/nofp/crt0.o

.flash_begin    0x0000000010000000        0x0
                0x0000000010000000                __flash_binary_start = .

.boot2          0x0000000010000000      0x100
                0x0000000010000000                __boot2_start__ = .
 *(.boot2)
 .boot2         0x0000000010000000      0x100 /tmp/ccEeuSAC.o
                0x0000000010000100                __boot2_end__ = .
                0x0000000000000001                ASSERT (((__boot2_end__ - __boot2_start__) == 0x100), ERROR: Pico second stage bootloader must be 256 bytes in size)

.text           0x0000000010000100     0x4c80
                0x0000000010000100                __logical_binary_start = .
 *(.vectors)
 .vectors       0x0000000010000100       0xd4 CMakeFiles/DisplayProject.dir/home/user/git/PicoTelegraphDisplay/pico-sdk/src/rp2_common/pico_standard_link/crt0.S.obj
                0x0000000010000100                __vectors
                0x0000000010000100                __VECTOR_TABLE
                0x00000000100001c0                isr_invalid
                0x00000000100001c0                __default_isrs_start
                0x00000000100001c2                isr_nmi
                0x00000000100001c4                isr_hardfault
                0x00000000100001c6                isr_svcall
                0x00000000100001c8                isr_pendsv
                0x00000000100001ca                isr_systick
                0x00000000100001cc                isr_irq30
                0x00000000100001cc                __unhandled_user_irq
                0x00000000100001cc                isr_irq13
                0x00000000100001cc                isr_irq27
                0x00000000100001cc                isr_irq31
                0x00000000100001cc                isr_irq5
                0x00000000100001cc                isr_irq11
                0x00000000100001cc                isr_irq23
                0x00000000100001cc                isr_irq18
                0x00000000100001cc                isr_irq28
                0x00000000100001cc                isr_irq19
                0x00000000100001cc                isr_irq0
                0x00000000100001cc                isr_irq6
                0x00000000100001cc                isr_irq22
                0x00000000100001cc                isr_irq17
                0x00000000100001cc                isr_irq14
                0x00000000100001cc                isr_irq2
                0x00000000100001cc                isr_irq10
                0x00000000100001cc                isr_irq8
                0x00000000100001cc                isr_irq24
                0x00000000100001cc                isr_irq1
                0x00000000100001cc                isr_irq7
                0x00000000100001cc                isr_irq21
                0x00000000100001cc                isr_irq20
                0x00000000100001cc                isr_irq15
                0x00000000100001cc                isr_irq25
                0x00000000100001cc                isr_irq4
                0x00000000100001cc                isr_irq16
                0x00000000100001cc                isr_irq29
                0x00000000100001cc                isr_irq26
                0x00000000100001cc                __default_isrs_end
                0x00000000100001cc                isr_irq3
                0x00000000100001cc                isr_irq12
                0x00000000100001cc                isr_irq9
                0x00000000100001d2                unhandled_user_irq_num_in_r0
 *(.binary_info_header)
 .binary_info_header
                0x00000000100001d4       0x14 CMakeFiles/DisplayProject.dir/home/user/git/PicoTelegraphDisplay/pico-sdk/src/rp2_common/pico_standard_link/crt0.S.obj
                0x00000000100001e8                __binary_info_header_end = .
 *(.reset)
 .reset         0x00000000100001e8       0xa0 CMakeFiles/DisplayProject.dir/home/user/git/PicoTelegraphDisplay/pico-sdk/src/rp2_common/pico_standard_link/crt0.S.obj
                0x00000000100001e8                _entry_point
 .reset         0x0000000010000288       0x30 CMakeFiles/DisplayProject.dir/home/user/git/PicoTelegraphDisplay/pico-sdk/src/rp2_common/pico_standard_link/binary_info.c.obj
 *(.init)
 .init          0x00000000100002b8        0x4 /usr/lib/gcc/arm-none-eabi/10.3.1/thumb/v6-m/nofp/crti.o
                0x00000000100002b8                _init
 *(EXCLUDE_FILE(*libm.a: *libc.a:*lib_a-mem*.o *libgcc.a:) .text*)
 .text          0x00000000100002bc       0x98 /usr/lib/gcc/arm-none-eabi/10.3.1/thumb/v6-m/nofp/crtbegin.o
 .text.main     0x0000000010000354       0x80 CMakeFiles/DisplayProject.dir/DisplayProject.c.obj
                0x0000000010000354                main
 .text.gpio_set_function
                0x00000000100003d4       0x30 CMakeFiles/DisplayProject.dir/home/user/git/PicoTelegraphDisplay/pico-sdk/src/rp2_common/hardware_gpio/gpio.c.obj
                0x00000000100003d4                gpio_set_function
 .text.gpio_set_pulls
                0x0000000010000404       0x34 CMakeFiles/DisplayProject.dir/home/user/git/PicoTelegraphDisplay/pico-sdk/src/rp2_common/hardware_gpio/gpio.c.obj
                0x0000000010000404                gpio_set_pulls
 .text.gpio_init
                0x0000000010000438       0x16 CMakeFiles/DisplayProject.dir/home/user/git/PicoTelegraphDisplay/pico-sdk/src/rp2_common/hardware_gpio/gpio.c.obj
                0x0000000010000438                gpio_init
 *fill*         0x000000001000044e        0x2 
 .text.running_on_fpga
                0x0000000010000450       0x14 CMakeFiles/DisplayProject.dir/home/user/git/PicoTelegraphDisplay/pico-sdk/src/rp2_common/pico_platform/platform.c.obj
                0x0000000010000450                running_on_fpga
 .text.hw_claim_lock
                0x0000000010000464       0x18 CMakeFiles/DisplayProject.dir/home/user/git/PicoTelegraphDisplay/pico-sdk/src/rp2_common/hardware_claim/claim.c.obj
                0x0000000010000464                hw_claim_lock
 .text.hw_claim_unlock
                0x000000001000047c       0x14 CMakeFiles/DisplayProject.dir/home/user/git/PicoTelegraphDisplay/pico-sdk/src/rp2_common/hardware_claim/claim.c.obj
                0x000000001000047c                hw_claim_unlock
 .text.hw_claim_or_assert
                0x0000000010000490       0x32 CMakeFiles/DisplayProject.dir/home/user/git/PicoTelegraphDisplay/pico-sdk/src/rp2_common/hardware_claim/claim.c.obj
                0x0000000010000490                hw_claim_or_assert
 *fill*         0x00000000100004c2        0x2 
 .text.spin_locks_reset
                0x00000000100004c4       0x20 CMakeFiles/DisplayProject.dir/home/user/git/PicoTelegraphDisplay/pico-sdk/src/rp2_common/hardware_sync/sync.c.obj
                0x00000000100004c4                spin_locks_reset
 .text.next_striped_spin_lock_num
                0x00000000100004e4       0x1c CMakeFiles/DisplayProject.dir/home/user/git/PicoTelegraphDisplay/pico-sdk/src/rp2_common/hardware_sync/sync.c.obj
                0x00000000100004e4                next_striped_spin_lock_num
 .text.set_raw_irq_handler_and_unlock
                0x0000000010000500       0x28 CMakeFiles/DisplayProject.dir/home/user/git/PicoTelegraphDisplay/pico-sdk/src/rp2_common/hardware_irq/irq.c.obj
 .text.make_branch
                0x0000000010000528       0x48 CMakeFiles/DisplayProject.dir/home/user/git/PicoTelegraphDisplay/pico-sdk/src/rp2_common/hardware_irq/irq.c.obj
 .text.insert_branch_and_link
                0x0000000010000570       0x40 CMakeFiles/DisplayProject.dir/home/user/git/PicoTelegraphDisplay/pico-sdk/src/rp2_common/hardware_irq/irq.c.obj
 .text.irq_is_enabled
                0x00000000100005b0       0x18 CMakeFiles/DisplayProject.dir/home/user/git/PicoTelegraphDisplay/pico-sdk/src/rp2_common/hardware_irq/irq.c.obj
                0x00000000100005b0                irq_is_enabled
 .text.irq_set_mask_enabled
                0x00000000100005c8       0x20 CMakeFiles/DisplayProject.dir/home/user/git/PicoTelegraphDisplay/pico-sdk/src/rp2_common/hardware_irq/irq.c.obj
                0x00000000100005c8                irq_set_mask_enabled
 .text.irq_set_enabled
                0x00000000100005e8        0xe CMakeFiles/DisplayProject.dir/home/user/git/PicoTelegraphDisplay/pico-sdk/src/rp2_common/hardware_irq/irq.c.obj
                0x00000000100005e8                irq_set_enabled
 *fill*         0x00000000100005f6        0x2 
 .text.irq_get_vtable_handler
                0x00000000100005f8       0x10 CMakeFiles/DisplayProject.dir/home/user/git/PicoTelegraphDisplay/pico-sdk/src/rp2_common/hardware_irq/irq.c.obj
                0x00000000100005f8                irq_get_vtable_handler
 .text.irq_set_exclusive_handler
                0x0000000010000608       0x54 CMakeFiles/DisplayProject.dir/home/user/git/PicoTelegraphDisplay/pico-sdk/src/rp2_common/hardware_irq/irq.c.obj
                0x0000000010000608                irq_set_exclusive_handler
 .text.irq_remove_handler
                0x000000001000065c      0x1ac CMakeFiles/DisplayProject.dir/home/user/git/PicoTelegraphDisplay/pico-sdk/src/rp2_common/hardware_irq/irq.c.obj
                0x000000001000065c                irq_remove_handler
 .text.irq_add_tail_to_free_list
                0x0000000010000808       0xf0 CMakeFiles/DisplayProject.dir/home/user/git/PicoTelegraphDisplay/pico-sdk/src/rp2_common/hardware_irq/irq.c.obj
                0x0000000010000808                irq_add_tail_to_free_list
 .text.irq_init_priorities
                0x00000000100008f8       0x1c CMakeFiles/DisplayProject.dir/home/user/git/PicoTelegraphDisplay/pico-sdk/src/rp2_common/hardware_irq/irq.c.obj
                0x00000000100008f8                irq_init_priorities
 .text.lock_init
                0x0000000010000914       0x10 CMakeFiles/DisplayProject.dir/home/user/git/PicoTelegraphDisplay/pico-sdk/src/common/pico_sync/lock_core.c.obj
                0x0000000010000914                lock_init
 .text.mutex_init
                0x0000000010000924       0x1a CMakeFiles/DisplayProject.dir/home/user/git/PicoTelegraphDisplay/pico-sdk/src/common/pico_sync/mutex.c.obj
                0x0000000010000924                mutex_init
 .text.recursive_mutex_init
                0x000000001000093e       0x1e CMakeFiles/DisplayProject.dir/home/user/git/PicoTelegraphDisplay/pico-sdk/src/common/pico_sync/mutex.c.obj
                0x000000001000093e                recursive_mutex_init
 .text.alarm_pool_post_alloc_init
                0x000000001000095c       0x40 CMakeFiles/DisplayProject.dir/home/user/git/PicoTelegraphDisplay/pico-sdk/src/common/pico_time/time.c.obj
 .text.sleep_until_callback
                0x000000001000099c       0x30 CMakeFiles/DisplayProject.dir/home/user/git/PicoTelegraphDisplay/pico-sdk/src/common/pico_time/time.c.obj
 .text.timer_pool_entry_comparator
                0x00000000100009cc       0x7c CMakeFiles/DisplayProject.dir/home/user/git/PicoTelegraphDisplay/pico-sdk/src/common/pico_time/time.c.obj
                0x00000000100009cc                timer_pool_entry_comparator
 .text.ph_add_child_node
                0x0000000010000a48       0xa4 CMakeFiles/DisplayProject.dir/home/user/git/PicoTelegraphDisplay/pico-sdk/src/common/pico_time/time.c.obj
 .text.ph_merge_nodes
                0x0000000010000aec       0x3e CMakeFiles/DisplayProject.dir/home/user/git/PicoTelegraphDisplay/pico-sdk/src/common/pico_time/time.c.obj
 *fill*         0x0000000010000b2a        0x2 
 .text.add_alarm_under_lock
                0x0000000010000b2c      0x174 CMakeFiles/DisplayProject.dir/home/user/git/PicoTelegraphDisplay/pico-sdk/src/common/pico_time/time.c.obj
 .text.alarm_pool_alarm_callback
                0x0000000010000ca0      0x33c CMakeFiles/DisplayProject.dir/home/user/git/PicoTelegraphDisplay/pico-sdk/src/common/pico_time/time.c.obj
 .text.alarm_pool_init_default
                0x0000000010000fdc       0x40 CMakeFiles/DisplayProject.dir/home/user/git/PicoTelegraphDisplay/pico-sdk/src/common/pico_time/time.c.obj
                0x0000000010000fdc                alarm_pool_init_default
 .text.alarm_pool_get_default
                0x000000001000101c       0x2c CMakeFiles/DisplayProject.dir/home/user/git/PicoTelegraphDisplay/pico-sdk/src/common/pico_time/time.c.obj
                0x000000001000101c                alarm_pool_get_default
 .text.alarm_pool_add_alarm_at
                0x0000000010001048      0x168 CMakeFiles/DisplayProject.dir/home/user/git/PicoTelegraphDisplay/pico-sdk/src/common/pico_time/time.c.obj
                0x0000000010001048                alarm_pool_add_alarm_at
 .text.alarm_pool_cancel_alarm
                0x00000000100011b0       0xf0 CMakeFiles/DisplayProject.dir/home/user/git/PicoTelegraphDisplay/pico-sdk/src/common/pico_time/time.c.obj
                0x00000000100011b0                alarm_pool_cancel_alarm
 .text.sleep_until
                0x00000000100012a0       0xfc CMakeFiles/DisplayProject.dir/home/user/git/PicoTelegraphDisplay/pico-sdk/src/common/pico_time/time.c.obj
                0x00000000100012a0                sleep_until
 .text.sleep_us
                0x000000001000139c       0x58 CMakeFiles/DisplayProject.dir/home/user/git/PicoTelegraphDisplay/pico-sdk/src/common/pico_time/time.c.obj
                0x000000001000139c                sleep_us
 .text.sleep_ms
                0x00000000100013f4       0x14 CMakeFiles/DisplayProject.dir/home/user/git/PicoTelegraphDisplay/pico-sdk/src/common/pico_time/time.c.obj
                0x00000000100013f4                sleep_ms
 .text.best_effort_wfe_or_timeout
                0x0000000010001408       0xac CMakeFiles/DisplayProject.dir/home/user/git/PicoTelegraphDisplay/pico-sdk/src/common/pico_time/time.c.obj
                0x0000000010001408                best_effort_wfe_or_timeout
 .text.hardware_alarm_irq_handler
                0x00000000100014b4       0x90 CMakeFiles/DisplayProject.dir/home/user/git/PicoTelegraphDisplay/pico-sdk/src/rp2_common/hardware_timer/timer.c.obj
 .text.hardware_alarm_claim
                0x0000000010001544       0x18 CMakeFiles/DisplayProject.dir/home/user/git/PicoTelegraphDisplay/pico-sdk/src/rp2_common/hardware_timer/timer.c.obj
                0x0000000010001544                hardware_alarm_claim
 .text.time_us_64
                0x000000001000155c       0x18 CMakeFiles/DisplayProject.dir/home/user/git/PicoTelegraphDisplay/pico-sdk/src/rp2_common/hardware_timer/timer.c.obj
                0x000000001000155c                time_us_64
 .text.busy_wait_until
                0x0000000010001574       0x28 CMakeFiles/DisplayProject.dir/home/user/git/PicoTelegraphDisplay/pico-sdk/src/rp2_common/hardware_timer/timer.c.obj
                0x0000000010001574                busy_wait_until
 .text.hardware_alarm_set_callback
                0x000000001000159c       0x90 CMakeFiles/DisplayProject.dir/home/user/git/PicoTelegraphDisplay/pico-sdk/src/rp2_common/hardware_timer/timer.c.obj
                0x000000001000159c                hardware_alarm_set_callback
 .text.hardware_alarm_set_target
                0x000000001000162c       0xe8 CMakeFiles/DisplayProject.dir/home/user/git/PicoTelegraphDisplay/pico-sdk/src/rp2_common/hardware_timer/timer.c.obj
                0x000000001000162c                hardware_alarm_set_target
 .text.hardware_alarm_cancel
                0x0000000010001714       0x40 CMakeFiles/DisplayProject.dir/home/user/git/PicoTelegraphDisplay/pico-sdk/src/rp2_common/hardware_timer/timer.c.obj
                0x0000000010001714                hardware_alarm_cancel
 .text.ph_add_child_node
                0x0000000010001754       0xa4 CMakeFiles/DisplayProject.dir/home/user/git/PicoTelegraphDisplay/pico-sdk/src/common/pico_util/pheap.c.obj
 .text.ph_merge_nodes
                0x00000000100017f8       0x3e CMakeFiles/DisplayProject.dir/home/user/git/PicoTelegraphDisplay/pico-sdk/src/common/pico_util/pheap.c.obj
 *fill*         0x0000000010001836        0x2 
 .text.ph_clear
                0x0000000010001838       0x70 CMakeFiles/DisplayProject.dir/home/user/git/PicoTelegraphDisplay/pico-sdk/src/common/pico_util/pheap.c.obj
                0x0000000010001838                ph_clear
 .text.ph_post_alloc_init
                0x00000000100018a8        0xe CMakeFiles/DisplayProject.dir/home/user/git/PicoTelegraphDisplay/pico-sdk/src/common/pico_util/pheap.c.obj
                0x00000000100018a8                ph_post_alloc_init
 *fill*         0x00000000100018b6        0x2 
 .text.ph_merge_two_pass
                0x00000000100018b8       0xa8 CMakeFiles/DisplayProject.dir/home/user/git/PicoTelegraphDisplay/pico-sdk/src/common/pico_util/pheap.c.obj
                0x00000000100018b8                ph_merge_two_pass
 .text.ph_remove_any_head
                0x0000000010001960      0x128 CMakeFiles/DisplayProject.dir/home/user/git/PicoTelegraphDisplay/pico-sdk/src/common/pico_util/pheap.c.obj
 .text.ph_remove_head
                0x0000000010001a88       0x14 CMakeFiles/DisplayProject.dir/home/user/git/PicoTelegraphDisplay/pico-sdk/src/common/pico_util/pheap.c.obj
                0x0000000010001a88                ph_remove_head
 .text.ph_remove_and_free_node
                0x0000000010001a9c       0xf8 CMakeFiles/DisplayProject.dir/home/user/git/PicoTelegraphDisplay/pico-sdk/src/common/pico_util/pheap.c.obj
                0x0000000010001a9c                ph_remove_and_free_node
 .text.uart_set_baudrate
                0x0000000010001b94       0x5c CMakeFiles/DisplayProject.dir/home/user/git/PicoTelegraphDisplay/pico-sdk/src/rp2_common/hardware_uart/uart.c.obj
                0x0000000010001b94                uart_set_baudrate
 .text.uart_set_translate_crlf
                0x0000000010001bf0       0x28 CMakeFiles/DisplayProject.dir/home/user/git/PicoTelegraphDisplay/pico-sdk/src/rp2_common/hardware_uart/uart.c.obj
                0x0000000010001bf0                uart_set_translate_crlf
 .text.uart_init
                0x0000000010001c18       0x80 CMakeFiles/DisplayProject.dir/home/user/git/PicoTelegraphDisplay/pico-sdk/src/rp2_common/hardware_uart/uart.c.obj
                0x0000000010001c18                uart_init
 .text.clock_configure
                0x0000000010001c98      0x104 CMakeFiles/DisplayProject.dir/home/user/git/PicoTelegraphDisplay/pico-sdk/src/rp2_common/hardware_clocks/clocks.c.obj
                0x0000000010001c98                clock_configure
 .text.clocks_init
                0x0000000010001d9c      0x100 CMakeFiles/DisplayProject.dir/home/user/git/PicoTelegraphDisplay/pico-sdk/src/rp2_common/hardware_clocks/clocks.c.obj
                0x0000000010001d9c                clocks_init
 .text.clock_get_hz
                0x0000000010001e9c        0xc CMakeFiles/DisplayProject.dir/home/user/git/PicoTelegraphDisplay/pico-sdk/src/rp2_common/hardware_clocks/clocks.c.obj
                0x0000000010001e9c                clock_get_hz
 .text.pll_init
                0x0000000010001ea8      0x12c CMakeFiles/DisplayProject.dir/home/user/git/PicoTelegraphDisplay/pico-sdk/src/rp2_common/hardware_pll/pll.c.obj
                0x0000000010001ea8                pll_init
 .text.watchdog_start_tick
                0x0000000010001fd4       0x10 CMakeFiles/DisplayProject.dir/home/user/git/PicoTelegraphDisplay/pico-sdk/src/rp2_common/hardware_watchdog/watchdog.c.obj
                0x0000000010001fd4                watchdog_start_tick
 .text.xosc_init
                0x0000000010001fe4       0x28 CMakeFiles/DisplayProject.dir/home/user/git/PicoTelegraphDisplay/pico-sdk/src/rp2_common/hardware_xosc/xosc.c.obj
                0x0000000010001fe4                xosc_init
 .text._exit    0x000000001000200c        0x4 CMakeFiles/DisplayProject.dir/home/user/git/PicoTelegraphDisplay/pico-sdk/src/rp2_common/pico_runtime/runtime.c.obj
                0x000000001000200c                _exit
 .text.exit     0x0000000010002010        0x6 CMakeFiles/DisplayProject.dir/home/user/git/PicoTelegraphDisplay/pico-sdk/src/rp2_common/pico_runtime/runtime.c.obj
                0x0000000010002010                exit
 *fill*         0x0000000010002016        0x2 
 .text.__assert_func
                0x0000000010002018       0x3c CMakeFiles/DisplayProject.dir/home/user/git/PicoTelegraphDisplay/pico-sdk/src/rp2_common/pico_runtime/runtime.c.obj
                0x0000000010002018                __assert_func
 .text.runtime_init
                0x0000000010002054       0xf8 CMakeFiles/DisplayProject.dir/home/user/git/PicoTelegraphDisplay/pico-sdk/src/rp2_common/pico_runtime/runtime.c.obj
                0x0000000010002054                runtime_init
 .text.panic    0x000000001000214c       0x30 CMakeFiles/DisplayProject.dir/home/user/git/PicoTelegraphDisplay/pico-sdk/src/rp2_common/pico_runtime/runtime.c.obj
                0x000000001000214c                panic
 .text._out_null
                0x000000001000217c        0x2 CMakeFiles/DisplayProject.dir/home/user/git/PicoTelegraphDisplay/pico-sdk/src/rp2_common/pico_printf/printf.c.obj
 .text._out_fct
                0x000000001000217e        0xe CMakeFiles/DisplayProject.dir/home/user/git/PicoTelegraphDisplay/pico-sdk/src/rp2_common/pico_printf/printf.c.obj
 .text._atoi    0x000000001000218c       0x24 CMakeFiles/DisplayProject.dir/home/user/git/PicoTelegraphDisplay/pico-sdk/src/rp2_common/pico_printf/printf.c.obj
 .text._out_rev
                0x00000000100021b0       0xae CMakeFiles/DisplayProject.dir/home/user/git/PicoTelegraphDisplay/pico-sdk/src/rp2_common/pico_printf/printf.c.obj
 .text._ntoa_format
                0x000000001000225e      0x112 CMakeFiles/DisplayProject.dir/home/user/git/PicoTelegraphDisplay/pico-sdk/src/rp2_common/pico_printf/printf.c.obj
 .text._ntoa_long
                0x0000000010002370       0xbc CMakeFiles/DisplayProject.dir/home/user/git/PicoTelegraphDisplay/pico-sdk/src/rp2_common/pico_printf/printf.c.obj
 .text._ntoa_long_long
                0x000000001000242c       0xe2 CMakeFiles/DisplayProject.dir/home/user/git/PicoTelegraphDisplay/pico-sdk/src/rp2_common/pico_printf/printf.c.obj
 *fill*         0x000000001000250e        0x2 
 .text._etoa    0x0000000010002510      0x414 CMakeFiles/DisplayProject.dir/home/user/git/PicoTelegraphDisplay/pico-sdk/src/rp2_common/pico_printf/printf.c.obj
 .text._ftoa    0x0000000010002924      0x354 CMakeFiles/DisplayProject.dir/home/user/git/PicoTelegraphDisplay/pico-sdk/src/rp2_common/pico_printf/printf.c.obj
 .text._vsnprintf
                0x0000000010002c78      0x624 CMakeFiles/DisplayProject.dir/home/user/git/PicoTelegraphDisplay/pico-sdk/src/rp2_common/pico_printf/printf.c.obj
 .text.vfctprintf
                0x000000001000329c       0x20 CMakeFiles/DisplayProject.dir/home/user/git/PicoTelegraphDisplay/pico-sdk/src/rp2_common/pico_printf/printf.c.obj
                0x000000001000329c                vfctprintf
 .text          0x00000000100032bc       0x10 CMakeFiles/DisplayProject.dir/home/user/git/PicoTelegraphDisplay/pico-sdk/src/rp2_common/pico_bit_ops/bit_ops_aeabi.S.obj
 .text.rom_func_lookup
                0x00000000100032cc       0x10 CMakeFiles/DisplayProject.dir/home/user/git/PicoTelegraphDisplay/pico-sdk/src/rp2_common/pico_bootrom/bootrom.c.obj
                0x00000000100032cc                rom_func_lookup
 .text.rom_data_lookup
                0x00000000100032dc       0x10 CMakeFiles/DisplayProject.dir/home/user/git/PicoTelegraphDisplay/pico-sdk/src/rp2_common/pico_bootrom/bootrom.c.obj
                0x00000000100032dc                rom_data_lookup
 .text.rom_funcs_lookup
                0x00000000100032ec       0x36 CMakeFiles/DisplayProject.dir/home/user/git/PicoTelegraphDisplay/pico-sdk/src/rp2_common/pico_bootrom/bootrom.c.obj
                0x00000000100032ec                rom_funcs_lookup
 *fill*         0x0000000010003322        0x2 
 .text.__wrap___aeabi_idiv
                0x0000000010003324       0x50 CMakeFiles/DisplayProject.dir/home/user/git/PicoTelegraphDisplay/pico-sdk/src/rp2_common/pico_divider/divider.S.obj
                0x0000000010003324                __wrap___aeabi_idivmod
                0x0000000010003324                divmod_s32s32
                0x0000000010003324                div_s32s32
                0x0000000010003324                __wrap___aeabi_idiv
                0x000000001000332c                divmod_s32s32_unsafe
                0x0000000010003358                divmod_s32s32_savestate
 .text.__wrap___aeabi_uidiv
                0x0000000010003374       0x4c CMakeFiles/DisplayProject.dir/home/user/git/PicoTelegraphDisplay/pico-sdk/src/rp2_common/pico_divider/divider.S.obj
                0x0000000010003374                __wrap___aeabi_uidiv
                0x0000000010003374                __wrap___aeabi_uidivmod
                0x0000000010003374                div_u32u32
                0x0000000010003374                divmod_u32u32
                0x000000001000337c                divmod_u32u32_unsafe
                0x00000000100033a4                divmod_u32u32_savestate
 .text.__wrap___aeabi_ldiv
                0x00000000100033c0      0x424 CMakeFiles/DisplayProject.dir/home/user/git/PicoTelegraphDisplay/pico-sdk/src/rp2_common/pico_divider/divider.S.obj
                0x00000000100033c0                div_s64s64
                0x00000000100033c0                divmod_s64s64
                0x00000000100033c0                __wrap___aeabi_ldivmod
                0x00000000100033f0                div_u64u64
                0x00000000100033f0                divmod_u64u64
                0x00000000100033f0                __wrap___aeabi_uldivmod
                0x0000000010003400                divmod_u64u64_savestate
                0x0000000010003420                divmod_s64s64_unsafe
                0x00000000100034a8                divmod_u64u64_unsafe
 .text.__wrap___aeabi_darithmetic
                0x00000000100037e4       0x80 CMakeFiles/DisplayProject.dir/home/user/git/PicoTelegraphDisplay/pico-sdk/src/rp2_common/pico_double/double_aeabi.S.obj
                0x00000000100037e4                __wrap___aeabi_drsub
                0x00000000100037ea                __wrap___aeabi_dsub
                0x00000000100037fc                __wrap___aeabi_dadd
                0x000000001000380e                __wrap___aeabi_ddiv
                0x000000001000384a                __wrap___aeabi_dmul
 .text.__wrap___aeabi_cdcmple
                0x0000000010003864       0x6c CMakeFiles/DisplayProject.dir/home/user/git/PicoTelegraphDisplay/pico-sdk/src/rp2_common/pico_double/double_aeabi.S.obj
                0x0000000010003864                __wrap___aeabi_cdrcmple
                0x0000000010003874                __wrap___aeabi_cdcmple
                0x0000000010003874                __wrap___aeabi_cdcmpeq
 .text.__wrap___aeabi_dcmplt
                0x00000000100038d0        0xc CMakeFiles/DisplayProject.dir/home/user/git/PicoTelegraphDisplay/pico-sdk/src/rp2_common/pico_double/double_aeabi.S.obj
                0x00000000100038d0                __wrap___aeabi_dcmplt
 .text.__wrap___aeabi_dcmple
                0x00000000100038dc       0x10 CMakeFiles/DisplayProject.dir/home/user/git/PicoTelegraphDisplay/pico-sdk/src/rp2_common/pico_double/double_aeabi.S.obj
                0x00000000100038dc                __wrap___aeabi_dcmple
 .text.__wrap___aeabi_dcmpge
                0x00000000100038ec       0x10 CMakeFiles/DisplayProject.dir/home/user/git/PicoTelegraphDisplay/pico-sdk/src/rp2_common/pico_double/double_aeabi.S.obj
                0x00000000100038ec                __wrap___aeabi_dcmpge
 .text.__wrap___aeabi_dcmpgt
                0x00000000100038fc        0xa CMakeFiles/DisplayProject.dir/home/user/git/PicoTelegraphDisplay/pico-sdk/src/rp2_common/pico_double/double_aeabi.S.obj
                0x00000000100038fc                __wrap___aeabi_dcmpgt
 .text.__wrap___aeabi_dcmpun
                0x0000000010003906       0x1c CMakeFiles/DisplayProject.dir/home/user/git/PicoTelegraphDisplay/pico-sdk/src/rp2_common/pico_double/double_aeabi.S.obj
                0x0000000010003906                __wrap___aeabi_dcmpun
 *fill*         0x0000000010003922        0x2 
 .text.__wrap___aeabi_i2d
                0x0000000010003924       0x38 CMakeFiles/DisplayProject.dir/home/user/git/PicoTelegraphDisplay/pico-sdk/src/rp2_common/pico_double/double_aeabi.S.obj
                0x0000000010003924                __wrap___aeabi_ui2d
                0x000000001000392c                __wrap___aeabi_i2d
 .text.__wrap___aeabi_d2iz
                0x000000001000395c       0x48 CMakeFiles/DisplayProject.dir/home/user/git/PicoTelegraphDisplay/pico-sdk/src/rp2_common/pico_double/double_aeabi.S.obj
                0x000000001000395c                __wrap___aeabi_d2iz
                0x000000001000395c                double2int_z
 .text.__wrap___aeabi_d2uiz
                0x00000000100039a4       0x18 CMakeFiles/DisplayProject.dir/home/user/git/PicoTelegraphDisplay/pico-sdk/src/rp2_common/pico_double/double_aeabi.S.obj
                0x00000000100039a4                double2uint
                0x00000000100039a4                __wrap___aeabi_d2uiz
 .text.__aeabi_double_init
                0x00000000100039bc       0xc8 CMakeFiles/DisplayProject.dir/home/user/git/PicoTelegraphDisplay/pico-sdk/src/rp2_common/pico_double/double_init_rom.c.obj
                0x00000000100039bc                __aeabi_double_init
 .text.double_table_shim_on_use_helper
                0x0000000010003a84       0x34 CMakeFiles/DisplayProject.dir/home/user/git/PicoTelegraphDisplay/pico-sdk/src/rp2_common/pico_double/double_v1_rom_shim.S.obj
                0x0000000010003a84                double_table_shim_on_use_helper
 .text.__wrap___aeabi_dsub
                0x0000000010003ab8       0x10 CMakeFiles/DisplayProject.dir/home/user/git/PicoTelegraphDisplay/pico-sdk/src/rp2_common/pico_double/double_v1_rom_shim.S.obj
                0x0000000010003ab8                drsub_shim
                0x0000000010003abe                dsub_shim
 .text.dadd_shim
                0x0000000010003ac8      0x15c CMakeFiles/DisplayProject.dir/home/user/git/PicoTelegraphDisplay/pico-sdk/src/rp2_common/pico_double/double_v1_rom_shim.S.obj
                0x0000000010003ac8                dadd_shim
 .text.dmul_shim
                0x0000000010003c24      0x15c CMakeFiles/DisplayProject.dir/home/user/git/PicoTelegraphDisplay/pico-sdk/src/rp2_common/pico_double/double_v1_rom_shim.S.obj
                0x0000000010003c24                dmul_shim
 .text.ddiv_shim
                0x0000000010003d80      0x1b0 CMakeFiles/DisplayProject.dir/home/user/git/PicoTelegraphDisplay/pico-sdk/src/rp2_common/pico_double/double_v1_rom_shim.S.obj
                0x0000000010003d80                ddiv_shim
 .text.double2uint_shim
                0x0000000010003f30        0xe CMakeFiles/DisplayProject.dir/home/user/git/PicoTelegraphDisplay/pico-sdk/src/rp2_common/pico_double/double_v1_rom_shim.S.obj
                0x0000000010003f30                double2uint_shim
                0x0000000010003f32                double2ufix_shim
 *fill*         0x0000000010003f3e        0x2 
 .text.double2uint64_shim
                0x0000000010003f40       0x70 CMakeFiles/DisplayProject.dir/home/user/git/PicoTelegraphDisplay/pico-sdk/src/rp2_common/pico_double/double_v1_rom_shim.S.obj
                0x0000000010003f40                double2uint64_shim
                0x0000000010003f42                double2ufix64_shim
                0x0000000010003f62                d2fix_a
 .text.dunpacks
                0x0000000010003fb0       0x3c CMakeFiles/DisplayProject.dir/home/user/git/PicoTelegraphDisplay/pico-sdk/src/rp2_common/pico_double/double_v1_rom_shim.S.obj
                0x0000000010003fb0                dunpacks
 .text.__aeabi_lmul
                0x0000000010003fec       0x32 CMakeFiles/DisplayProject.dir/home/user/git/PicoTelegraphDisplay/pico-sdk/src/rp2_common/pico_int64_ops/pico_int64_ops_aeabi.S.obj
                0x0000000010003fec                __wrap___aeabi_lmul
 *fill*         0x000000001000401e        0x2 
 .text.__aeabi_float_init
                0x0000000010004020       0xfc CMakeFiles/DisplayProject.dir/home/user/git/PicoTelegraphDisplay/pico-sdk/src/rp2_common/pico_float/float_init_rom.c.obj
                0x0000000010004020                __aeabi_float_init
 .text.float_table_shim_on_use_helper
                0x000000001000411c       0x34 CMakeFiles/DisplayProject.dir/home/user/git/PicoTelegraphDisplay/pico-sdk/src/rp2_common/pico_float/float_v1_rom_shim.S.obj
                0x000000001000411c                float_table_shim_on_use_helper
 .text          0x0000000010004150       0x10 CMakeFiles/DisplayProject.dir/home/user/git/PicoTelegraphDisplay/pico-sdk/src/rp2_common/pico_mem_ops/mem_ops_aeabi.S.obj
                0x0000000010004150                __aeabi_mem_init
 .text.memcpy   0x0000000010004160        0xc CMakeFiles/DisplayProject.dir/home/user/git/PicoTelegraphDisplay/pico-sdk/src/rp2_common/pico_mem_ops/mem_ops_aeabi.S.obj
                0x0000000010004160                __wrap___aeabi_memcpy
                0x0000000010004160                __wrap_memcpy
 .text.stdio_out_chars_no_crlf
                0x000000001000416c        0xe CMakeFiles/DisplayProject.dir/home/user/git/PicoTelegraphDisplay/pico-sdk/src/rp2_common/pico_stdio/stdio.c.obj
 *fill*         0x000000001000417a        0x2 
 .text.stdio_out_chars_crlf
                0x000000001000417c       0x80 CMakeFiles/DisplayProject.dir/home/user/git/PicoTelegraphDisplay/pico-sdk/src/rp2_common/pico_stdio/stdio.c.obj
 .text.stdio_stack_buffer_flush
                0x00000000100041fc       0x44 CMakeFiles/DisplayProject.dir/home/user/git/PicoTelegraphDisplay/pico-sdk/src/rp2_common/pico_stdio/stdio.c.obj
 .text.stdio_buffered_printer
                0x0000000010004240       0x20 CMakeFiles/DisplayProject.dir/home/user/git/PicoTelegraphDisplay/pico-sdk/src/rp2_common/pico_stdio/stdio.c.obj
 .text.stdout_serialize_begin
                0x0000000010004260       0x5c CMakeFiles/DisplayProject.dir/home/user/git/PicoTelegraphDisplay/pico-sdk/src/rp2_common/pico_stdio/stdio.c.obj
                0x0000000010004260                stdout_serialize_begin
 .text.stdout_serialize_end
                0x00000000100042bc       0x10 CMakeFiles/DisplayProject.dir/home/user/git/PicoTelegraphDisplay/pico-sdk/src/rp2_common/pico_stdio/stdio.c.obj
                0x00000000100042bc                stdout_serialize_end
 .text.stdio_put_string
                0x00000000100042cc       0x98 CMakeFiles/DisplayProject.dir/home/user/git/PicoTelegraphDisplay/pico-sdk/src/rp2_common/pico_stdio/stdio.c.obj
 .text.stdio_set_driver_enabled
                0x0000000010004364       0x2c CMakeFiles/DisplayProject.dir/home/user/git/PicoTelegraphDisplay/pico-sdk/src/rp2_common/pico_stdio/stdio.c.obj
                0x0000000010004364                stdio_set_driver_enabled
 .text.stdio_flush
                0x0000000010004390       0x20 CMakeFiles/DisplayProject.dir/home/user/git/PicoTelegraphDisplay/pico-sdk/src/rp2_common/pico_stdio/stdio.c.obj
                0x0000000010004390                stdio_flush
 .text.__wrap_puts
                0x00000000100043b0       0x1e CMakeFiles/DisplayProject.dir/home/user/git/PicoTelegraphDisplay/pico-sdk/src/rp2_common/pico_stdio/stdio.c.obj
                0x00000000100043b0                __wrap_puts
 *fill*         0x00000000100043ce        0x2 
 .text.__wrap_vprintf
                0x00000000100043d0       0x40 CMakeFiles/DisplayProject.dir/home/user/git/PicoTelegraphDisplay/pico-sdk/src/rp2_common/pico_stdio/stdio.c.obj
                0x00000000100043d0                __wrap_vprintf
 .text.__wrap_printf
                0x0000000010004410       0x18 CMakeFiles/DisplayProject.dir/home/user/git/PicoTelegraphDisplay/pico-sdk/src/rp2_common/pico_stdio/stdio.c.obj
                0x0000000010004410                __wrap_printf
 .text.stdio_init_all
                0x0000000010004428        0xa CMakeFiles/DisplayProject.dir/home/user/git/PicoTelegraphDisplay/pico-sdk/src/rp2_common/pico_stdio/stdio.c.obj
                0x0000000010004428                stdio_init_all
 *fill*         0x0000000010004432        0x2 
 .text.stdio_uart_out_chars
                0x0000000010004434       0x74 CMakeFiles/DisplayProject.dir/home/user/git/PicoTelegraphDisplay/pico-sdk/src/rp2_common/pico_stdio_uart/stdio_uart.c.obj
 .text.stdio_uart_in_chars
                0x00000000100044a8       0x80 CMakeFiles/DisplayProject.dir/home/user/git/PicoTelegraphDisplay/pico-sdk/src/rp2_common/pico_stdio_uart/stdio_uart.c.obj
                0x00000000100044a8                stdio_uart_in_chars
 .text.on_uart_rx
                0x0000000010004528       0x28 CMakeFiles/DisplayProject.dir/home/user/git/PicoTelegraphDisplay/pico-sdk/src/rp2_common/pico_stdio_uart/stdio_uart.c.obj
 .text.stdio_uart_set_chars_available_callback
                0x0000000010004550       0x8c CMakeFiles/DisplayProject.dir/home/user/git/PicoTelegraphDisplay/pico-sdk/src/rp2_common/pico_stdio_uart/stdio_uart.c.obj
 .text.stdio_uart_init_full
                0x00000000100045dc       0x44 CMakeFiles/DisplayProject.dir/home/user/git/PicoTelegraphDisplay/pico-sdk/src/rp2_common/pico_stdio_uart/stdio_uart.c.obj
                0x00000000100045dc                stdio_uart_init_full
 .text.stdio_uart_init
                0x0000000010004620       0x28 CMakeFiles/DisplayProject.dir/home/user/git/PicoTelegraphDisplay/pico-sdk/src/rp2_common/pico_stdio_uart/stdio_uart.c.obj
                0x0000000010004620                stdio_uart_init
 .text.spi_set_baudrate
                0x0000000010004648       0x92 CMakeFiles/DisplayProject.dir/home/user/git/PicoTelegraphDisplay/pico-sdk/src/rp2_common/hardware_spi/spi.c.obj
                0x0000000010004648                spi_set_baudrate
 *fill*         0x00000000100046da        0x2 
 .text.spi_init
                0x00000000100046dc       0x68 CMakeFiles/DisplayProject.dir/home/user/git/PicoTelegraphDisplay/pico-sdk/src/rp2_common/hardware_spi/spi.c.obj
                0x00000000100046dc                spi_init
 .text.i2c_set_baudrate
                0x0000000010004744       0xf0 CMakeFiles/DisplayProject.dir/home/user/git/PicoTelegraphDisplay/pico-sdk/src/rp2_common/hardware_i2c/i2c.c.obj
                0x0000000010004744                i2c_set_baudrate
 .text.i2c_init
                0x0000000010004834       0x58 CMakeFiles/DisplayProject.dir/home/user/git/PicoTelegraphDisplay/pico-sdk/src/rp2_common/hardware_i2c/i2c.c.obj
                0x0000000010004834                i2c_init
 .text.OLED_Reset
                0x000000001000488c       0x50 lib/OLED/libOLED.a(OLED_2in23.c.obj)
 .text.OLED_WriteReg
                0x00000000100048dc       0x30 lib/OLED/libOLED.a(OLED_2in23.c.obj)
 .text.OLED_WriteData
                0x000000001000490c       0x30 lib/OLED/libOLED.a(OLED_2in23.c.obj)
 .text.OLED_2in23_refresh_gram
                0x000000001000493c       0x44 lib/OLED/libOLED.a(OLED_2in23.c.obj)
                0x000000001000493c                OLED_2in23_refresh_gram
 .text.OLED_2in23_Clear
                0x0000000010004980       0x48 lib/OLED/libOLED.a(OLED_2in23.c.obj)
                0x0000000010004980                OLED_2in23_Clear
 .text.OLED_InitReg
                0x00000000100049c8       0x9a lib/OLED/libOLED.a(OLED_2in23.c.obj)
 .text.OLED_2in23_Init
                0x0000000010004a62       0x18 lib/OLED/libOLED.a(OLED_2in23.c.obj)
                0x0000000010004a62                OLED_2in23_Init
 *fill*         0x0000000010004a7a        0x2 
 .text.OLED_2in23_draw_point
                0x0000000010004a7c       0x44 lib/OLED/libOLED.a(OLED_2in23.c.obj)
                0x0000000010004a7c                OLED_2in23_draw_point
 .text.DEV_Digital_Write
                0x0000000010004ac0       0x18 lib/Config/libConfig.a(DEV_Config.c.obj)
                0x0000000010004ac0                DEV_Digital_Write
 .text.DEV_SPI_WriteByte
                0x0000000010004ad8       0x1c lib/Config/libConfig.a(DEV_Config.c.obj)
                0x0000000010004ad8                DEV_SPI_WriteByte
 .text.DEV_GPIO_Mode
                0x0000000010004af4       0x26 lib/Config/libConfig.a(DEV_Config.c.obj)
                0x0000000010004af4                DEV_GPIO_Mode
 .text.DEV_Delay_ms
                0x0000000010004b1a        0x8 lib/Config/libConfig.a(DEV_Config.c.obj)
                0x0000000010004b1a                DEV_Delay_ms
 *fill*         0x0000000010004b22        0x2 
 .text.DEV_GPIO_Init
                0x0000000010004b24       0x64 lib/Config/libConfig.a(DEV_Config.c.obj)
                0x0000000010004b24                DEV_GPIO_Init
 .text.DEV_Module_Init
                0x0000000010004b88      0x144 lib/Config/libConfig.a(DEV_Config.c.obj)
                0x0000000010004b88                DEV_Module_Init
 .text          0x0000000010004ccc       0x5c /usr/lib/gcc/arm-none-eabi/10.3.1/../../../arm-none-eabi/lib/thumb/v6-m/nofp/libg.a(lib_a-strlen-stub.o)
                0x0000000010004ccc                strlen
 *(.fini)
 .fini          0x0000000010004d28        0x4 /usr/lib/gcc/arm-none-eabi/10.3.1/thumb/v6-m/nofp/crti.o
                0x0000000010004d28                _fini
 *fill*         0x0000000010004d2c        0x4 
 .fini.__stub   0x0000000010004d30       0x50 linker stubs
 *crtbegin.o(.ctors)
 *crtbegin?.o(.ctors)
 *(EXCLUDE_FILE(*crtend.o *crtend?.o) .ctors)
 *(SORT_BY_NAME(.ctors.*))
 *(.ctors)
 *crtbegin.o(.dtors)
 *crtbegin?.o(.dtors)
 *(EXCLUDE_FILE(*crtend.o *crtend?.o) .dtors)
 *(SORT_BY_NAME(.dtors.*))
 *(.dtors)
 *(.eh_frame*)
 .eh_frame      0x0000000010004d80        0x0 /usr/lib/gcc/arm-none-eabi/10.3.1/thumb/v6-m/nofp/crtbegin.o
                0x0000000010004d80                . = ALIGN (0x4)

.glue_7         0x0000000010004d80        0x0
 .glue_7        0x0000000010004d80        0x0 linker stubs

.glue_7t        0x0000000010004d80        0x0
 .glue_7t       0x0000000010004d80        0x0 linker stubs

.vfp11_veneer   0x0000000010004d80        0x0
 .vfp11_veneer  0x0000000010004d80        0x0 linker stubs

.v4_bx          0x0000000010004d80        0x0
 .v4_bx         0x0000000010004d80        0x0 linker stubs

.iplt           0x0000000010004d80        0x0
 .iplt          0x0000000010004d80        0x0 /usr/lib/gcc/arm-none-eabi/10.3.1/thumb/v6-m/nofp/crtbegin.o

.rodata         0x0000000010004d80     0x10c0
 *(EXCLUDE_FILE(*libm.a: *libc.a:*lib_a-mem*.o *libgcc.a:) .rodata*)
 .rodata.main.str1.4
                0x0000000010004d80        0x5 CMakeFiles/DisplayProject.dir/DisplayProject.c.obj
 *fill*         0x0000000010004d85        0x3 
 .rodata.make_branch.str1.4
                0x0000000010004d88       0x7f CMakeFiles/DisplayProject.dir/home/user/git/PicoTelegraphDisplay/pico-sdk/src/rp2_common/hardware_irq/irq.c.obj
 *fill*         0x0000000010004e07        0x1 
 .rodata.insert_branch_and_link.str1.4
                0x0000000010004e08       0x10 CMakeFiles/DisplayProject.dir/home/user/git/PicoTelegraphDisplay/pico-sdk/src/rp2_common/hardware_irq/irq.c.obj
 .rodata.irq_set_exclusive_handler.str1.4
                0x0000000010004e18       0x36 CMakeFiles/DisplayProject.dir/home/user/git/PicoTelegraphDisplay/pico-sdk/src/rp2_common/hardware_irq/irq.c.obj
 *fill*         0x0000000010004e4e        0x2 
 .rodata.irq_add_shared_handler.str1.4
                0x0000000010004e50       0xd9 CMakeFiles/DisplayProject.dir/home/user/git/PicoTelegraphDisplay/pico-sdk/src/rp2_common/hardware_irq/irq.c.obj
 *fill*         0x0000000010004f29        0x3 
 .rodata.irq_remove_handler.str1.4
                0x0000000010004f2c       0x3a CMakeFiles/DisplayProject.dir/home/user/git/PicoTelegraphDisplay/pico-sdk/src/rp2_common/hardware_irq/irq.c.obj
 *fill*         0x0000000010004f66        0x2 
 .rodata.irq_add_tail_to_free_list.str1.4
                0x0000000010004f68       0x3a CMakeFiles/DisplayProject.dir/home/user/git/PicoTelegraphDisplay/pico-sdk/src/rp2_common/hardware_irq/irq.c.obj
 *fill*         0x0000000010004fa2        0x2 
 .rodata.__func__.0
                0x0000000010004fa4       0x1a CMakeFiles/DisplayProject.dir/home/user/git/PicoTelegraphDisplay/pico-sdk/src/rp2_common/hardware_irq/irq.c.obj
 *fill*         0x0000000010004fbe        0x2 
 .rodata.__func__.1
                0x0000000010004fc0       0x17 CMakeFiles/DisplayProject.dir/home/user/git/PicoTelegraphDisplay/pico-sdk/src/rp2_common/hardware_irq/irq.c.obj
 *fill*         0x0000000010004fd7        0x1 
 .rodata.__func__.2
                0x0000000010004fd8       0x13 CMakeFiles/DisplayProject.dir/home/user/git/PicoTelegraphDisplay/pico-sdk/src/rp2_common/hardware_irq/irq.c.obj
 *fill*         0x0000000010004feb        0x1 
 .rodata.__func__.3
                0x0000000010004fec        0xc CMakeFiles/DisplayProject.dir/home/user/git/PicoTelegraphDisplay/pico-sdk/src/rp2_common/hardware_irq/irq.c.obj
 .rodata.__func__.4
                0x0000000010004ff8        0xf CMakeFiles/DisplayProject.dir/home/user/git/PicoTelegraphDisplay/pico-sdk/src/rp2_common/hardware_irq/irq.c.obj
 *fill*         0x0000000010005007        0x1 
 .rodata.__func__.6
                0x0000000010005008       0x1a CMakeFiles/DisplayProject.dir/home/user/git/PicoTelegraphDisplay/pico-sdk/src/rp2_common/hardware_irq/irq.c.obj
 *fill*         0x0000000010005022        0x2 
 .rodata.str1.4
                0x0000000010005024      0x111 CMakeFiles/DisplayProject.dir/home/user/git/PicoTelegraphDisplay/pico-sdk/src/common/pico_sync/mutex.c.obj
 *fill*         0x0000000010005135        0x3 
 .rodata.__func__.1
                0x0000000010005138        0xb CMakeFiles/DisplayProject.dir/home/user/git/PicoTelegraphDisplay/pico-sdk/src/common/pico_sync/mutex.c.obj
 *fill*         0x0000000010005143        0x1 
 .rodata.__func__.3
                0x0000000010005144       0x18 CMakeFiles/DisplayProject.dir/home/user/git/PicoTelegraphDisplay/pico-sdk/src/common/pico_sync/mutex.c.obj
 .rodata.repeating_timer_callback.str1.4
                0x000000001000515c       0x5d CMakeFiles/DisplayProject.dir/home/user/git/PicoTelegraphDisplay/pico-sdk/src/common/pico_time/time.c.obj
 *fill*         0x00000000100051b9        0x3 
 .rodata.timer_pool_entry_comparator.str1.4
                0x00000000100051bc       0x22 CMakeFiles/DisplayProject.dir/home/user/git/PicoTelegraphDisplay/pico-sdk/src/common/pico_time/time.c.obj
 *fill*         0x00000000100051de        0x2 
 .rodata.ph_add_child_node.str1.4
                0x00000000100051e0       0xa6 CMakeFiles/DisplayProject.dir/home/user/git/PicoTelegraphDisplay/pico-sdk/src/common/pico_time/time.c.obj
 *fill*         0x0000000010005286        0x2 
 .rodata.add_alarm_under_lock.str1.4
                0x0000000010005288       0x28 CMakeFiles/DisplayProject.dir/home/user/git/PicoTelegraphDisplay/pico-sdk/src/common/pico_time/time.c.obj
                                         0x2b (size before relaxing)
 .rodata.alarm_pool_alarm_callback.str1.4
                0x00000000100052b0       0x98 CMakeFiles/DisplayProject.dir/home/user/git/PicoTelegraphDisplay/pico-sdk/src/common/pico_time/time.c.obj
                                        0x10c (size before relaxing)
 .rodata.alarm_pool_get_default.str1.4
                0x0000000010005348       0x21 CMakeFiles/DisplayProject.dir/home/user/git/PicoTelegraphDisplay/pico-sdk/src/common/pico_time/time.c.obj
 *fill*         0x0000000010005369        0x3 
 .rodata.alarm_pool_cancel_alarm.str1.4
                0x000000001000536c       0x27 CMakeFiles/DisplayProject.dir/home/user/git/PicoTelegraphDisplay/pico-sdk/src/common/pico_time/time.c.obj
 *fill*         0x0000000010005393        0x1 
 .rodata.sleep_until.str1.4
                0x0000000010005394       0x4d CMakeFiles/DisplayProject.dir/home/user/git/PicoTelegraphDisplay/pico-sdk/src/common/pico_time/time.c.obj
 *fill*         0x00000000100053e1        0x3 
 .rodata.__func__.1
                0x00000000100053e4       0x18 CMakeFiles/DisplayProject.dir/home/user/git/PicoTelegraphDisplay/pico-sdk/src/common/pico_time/time.c.obj
 .rodata.__func__.10
                0x00000000100053fc       0x15 CMakeFiles/DisplayProject.dir/home/user/git/PicoTelegraphDisplay/pico-sdk/src/common/pico_time/time.c.obj
 *fill*         0x0000000010005411        0x3 
 .rodata.__func__.11
                0x0000000010005414       0x1a CMakeFiles/DisplayProject.dir/home/user/git/PicoTelegraphDisplay/pico-sdk/src/common/pico_time/time.c.obj
 *fill*         0x000000001000542e        0x2 
 .rodata.__func__.12
                0x0000000010005430        0xa CMakeFiles/DisplayProject.dir/home/user/git/PicoTelegraphDisplay/pico-sdk/src/common/pico_time/time.c.obj
 *fill*         0x000000001000543a        0x2 
 .rodata.__func__.3
                0x000000001000543c       0x17 CMakeFiles/DisplayProject.dir/home/user/git/PicoTelegraphDisplay/pico-sdk/src/common/pico_time/time.c.obj
 *fill*         0x0000000010005453        0x1 
 .rodata.__func__.4
                0x0000000010005454       0x12 CMakeFiles/DisplayProject.dir/home/user/git/PicoTelegraphDisplay/pico-sdk/src/common/pico_time/time.c.obj
 *fill*         0x0000000010005466        0x2 
 .rodata.__func__.5
                0x0000000010005468        0xd CMakeFiles/DisplayProject.dir/home/user/git/PicoTelegraphDisplay/pico-sdk/src/common/pico_time/time.c.obj
 *fill*         0x0000000010005475        0x3 
 .rodata.__func__.6
                0x0000000010005478       0x12 CMakeFiles/DisplayProject.dir/home/user/git/PicoTelegraphDisplay/pico-sdk/src/common/pico_time/time.c.obj
 *fill*         0x000000001000548a        0x2 
 .rodata.__func__.7
                0x000000001000548c        0xf CMakeFiles/DisplayProject.dir/home/user/git/PicoTelegraphDisplay/pico-sdk/src/common/pico_time/time.c.obj
 *fill*         0x000000001000549b        0x1 
 .rodata.__func__.8
                0x000000001000549c        0xc CMakeFiles/DisplayProject.dir/home/user/git/PicoTelegraphDisplay/pico-sdk/src/common/pico_time/time.c.obj
 .rodata.__func__.9
                0x00000000100054a8       0x15 CMakeFiles/DisplayProject.dir/home/user/git/PicoTelegraphDisplay/pico-sdk/src/common/pico_time/time.c.obj
 *fill*         0x00000000100054bd        0x3 
 .rodata.hardware_alarm_claim.str1.4
                0x00000000100054c0       0x22 CMakeFiles/DisplayProject.dir/home/user/git/PicoTelegraphDisplay/pico-sdk/src/rp2_common/hardware_timer/timer.c.obj
 *fill*         0x00000000100054e2        0x2 
 .rodata.hardware_alarm_set_target.str1.4
                0x00000000100054e4       0x77 CMakeFiles/DisplayProject.dir/home/user/git/PicoTelegraphDisplay/pico-sdk/src/rp2_common/hardware_timer/timer.c.obj
 *fill*         0x000000001000555b        0x1 
 .rodata.__func__.0
                0x000000001000555c       0x1a CMakeFiles/DisplayProject.dir/home/user/git/PicoTelegraphDisplay/pico-sdk/src/rp2_common/hardware_timer/timer.c.obj
 .rodata.ph_add_child_node.str1.4
                0x0000000010005576       0xa6 CMakeFiles/DisplayProject.dir/home/user/git/PicoTelegraphDisplay/pico-sdk/src/common/pico_util/pheap.c.obj
 *fill*         0x0000000010005576        0x2 
 .rodata.ph_remove_any_head.str1.4
                0x0000000010005578       0xa0 CMakeFiles/DisplayProject.dir/home/user/git/PicoTelegraphDisplay/pico-sdk/src/common/pico_util/pheap.c.obj
                                         0xb4 (size before relaxing)
 .rodata.ph_remove_and_free_node.str1.4
                0x0000000010005618       0x1e CMakeFiles/DisplayProject.dir/home/user/git/PicoTelegraphDisplay/pico-sdk/src/common/pico_util/pheap.c.obj
                                         0x26 (size before relaxing)
 *fill*         0x0000000010005636        0x2 
 .rodata.__func__.0
                0x0000000010005638       0x18 CMakeFiles/DisplayProject.dir/home/user/git/PicoTelegraphDisplay/pico-sdk/src/common/pico_util/pheap.c.obj
 .rodata.__func__.1
                0x0000000010005650       0x13 CMakeFiles/DisplayProject.dir/home/user/git/PicoTelegraphDisplay/pico-sdk/src/common/pico_util/pheap.c.obj
 *fill*         0x0000000010005663        0x1 
 .rodata.__func__.2
                0x0000000010005664       0x12 CMakeFiles/DisplayProject.dir/home/user/git/PicoTelegraphDisplay/pico-sdk/src/common/pico_util/pheap.c.obj
 *fill*         0x0000000010005676        0x2 
 .rodata.__func__.3
                0x0000000010005678        0xc CMakeFiles/DisplayProject.dir/home/user/git/PicoTelegraphDisplay/pico-sdk/src/common/pico_util/pheap.c.obj
 .rodata.clock_configure.str1.4
                0x0000000010005684       0x69 CMakeFiles/DisplayProject.dir/home/user/git/PicoTelegraphDisplay/pico-sdk/src/rp2_common/hardware_clocks/clocks.c.obj
 *fill*         0x00000000100056ed        0x3 
 .rodata.__func__.1
                0x00000000100056f0       0x10 CMakeFiles/DisplayProject.dir/home/user/git/PicoTelegraphDisplay/pico-sdk/src/rp2_common/hardware_clocks/clocks.c.obj
 .rodata.pll_init.str1.4
                0x0000000010005700      0x133 CMakeFiles/DisplayProject.dir/home/user/git/PicoTelegraphDisplay/pico-sdk/src/rp2_common/hardware_pll/pll.c.obj
 *fill*         0x0000000010005833        0x1 
 .rodata.__func__.0
                0x0000000010005834        0x9 CMakeFiles/DisplayProject.dir/home/user/git/PicoTelegraphDisplay/pico-sdk/src/rp2_common/hardware_pll/pll.c.obj
 *fill*         0x000000001000583d        0x3 
 .rodata.__assert_func.str1.4
                0x0000000010005840       0x3f CMakeFiles/DisplayProject.dir/home/user/git/PicoTelegraphDisplay/pico-sdk/src/rp2_common/pico_runtime/runtime.c.obj
                                         0x43 (size before relaxing)
 *fill*         0x000000001000587f        0x1 
 .rodata.runtime_init.str1.4
                0x0000000010005880       0x73 CMakeFiles/DisplayProject.dir/home/user/git/PicoTelegraphDisplay/pico-sdk/src/rp2_common/pico_runtime/runtime.c.obj
 *fill*         0x00000000100058f3        0x1 
 .rodata.panic.str1.4
                0x00000000100058f4       0x12 CMakeFiles/DisplayProject.dir/home/user/git/PicoTelegraphDisplay/pico-sdk/src/rp2_common/pico_runtime/runtime.c.obj
 *fill*         0x0000000010005906        0x2 
 .rodata.__func__.2
                0x0000000010005908        0xd CMakeFiles/DisplayProject.dir/home/user/git/PicoTelegraphDisplay/pico-sdk/src/rp2_common/pico_runtime/runtime.c.obj
 *fill*         0x0000000010005915        0x3 
 .rodata._ftoa.str1.4
                0x0000000010005918       0x15 CMakeFiles/DisplayProject.dir/home/user/git/PicoTelegraphDisplay/pico-sdk/src/rp2_common/pico_printf/printf.c.obj
 *fill*         0x000000001000592d        0x3 
 .rodata._vsnprintf
                0x0000000010005930      0x1e0 CMakeFiles/DisplayProject.dir/home/user/git/PicoTelegraphDisplay/pico-sdk/src/rp2_common/pico_printf/printf.c.obj
 .rodata.pow10.0
                0x0000000010005b10       0x50 CMakeFiles/DisplayProject.dir/home/user/git/PicoTelegraphDisplay/pico-sdk/src/rp2_common/pico_printf/printf.c.obj
 .rodata.__aeabi_double_init.str1.4
                0x0000000010005b60       0xba CMakeFiles/DisplayProject.dir/home/user/git/PicoTelegraphDisplay/pico-sdk/src/rp2_common/pico_double/double_init_rom.c.obj
 *fill*         0x0000000010005c1a        0x2 
 .rodata.__func__.0
                0x0000000010005c1c       0x14 CMakeFiles/DisplayProject.dir/home/user/git/PicoTelegraphDisplay/pico-sdk/src/rp2_common/pico_double/double_init_rom.c.obj
 .rodata.__aeabi_float_init.str1.4
                0x0000000010005c30       0x8c CMakeFiles/DisplayProject.dir/home/user/git/PicoTelegraphDisplay/pico-sdk/src/rp2_common/pico_float/float_init_rom.c.obj
                                         0x90 (size before relaxing)
 .rodata.__func__.0
                0x0000000010005cbc       0x13 CMakeFiles/DisplayProject.dir/home/user/git/PicoTelegraphDisplay/pico-sdk/src/rp2_common/pico_float/float_init_rom.c.obj
 *fill*         0x0000000010005ccf        0x1 
 .rodata.str1.4
                0x0000000010005cd0       0x48 CMakeFiles/DisplayProject.dir/home/user/git/PicoTelegraphDisplay/pico-sdk/src/rp2_common/pico_standard_link/binary_info.c.obj
 .rodata.__bi_44
                0x0000000010005d18        0xc CMakeFiles/DisplayProject.dir/home/user/git/PicoTelegraphDisplay/pico-sdk/src/rp2_common/pico_standard_link/binary_info.c.obj
 .rodata.__bi_56
                0x0000000010005d24        0xc CMakeFiles/DisplayProject.dir/home/user/git/PicoTelegraphDisplay/pico-sdk/src/rp2_common/pico_standard_link/binary_info.c.obj
 .rodata.__bi_75
                0x0000000010005d30        0xc CMakeFiles/DisplayProject.dir/home/user/git/PicoTelegraphDisplay/pico-sdk/src/rp2_common/pico_standard_link/binary_info.c.obj
 .rodata.__bi_81
                0x0000000010005d3c        0xc CMakeFiles/DisplayProject.dir/home/user/git/PicoTelegraphDisplay/pico-sdk/src/rp2_common/pico_standard_link/binary_info.c.obj
 .rodata.stdout_serialize_begin.str1.4
                0x0000000010005d48       0x73 CMakeFiles/DisplayProject.dir/home/user/git/PicoTelegraphDisplay/pico-sdk/src/rp2_common/pico_stdio/stdio.c.obj
 .rodata.__func__.3
                0x0000000010005d48       0x15 CMakeFiles/DisplayProject.dir/home/user/git/PicoTelegraphDisplay/pico-sdk/src/rp2_common/pico_stdio/stdio.c.obj
 *fill*         0x0000000010005d5d        0x3 
 .rodata.crlf_str.2
                0x0000000010005d60        0x2 CMakeFiles/DisplayProject.dir/home/user/git/PicoTelegraphDisplay/pico-sdk/src/rp2_common/pico_stdio/stdio.c.obj
 *fill*         0x0000000010005d62        0x2 
 .rodata.str1.4
                0x0000000010005d64       0x2c CMakeFiles/DisplayProject.dir/home/user/git/PicoTelegraphDisplay/pico-sdk/src/rp2_common/pico_stdio_uart/stdio_uart.c.obj
 .rodata.__bi_33.4
                0x0000000010005d90        0xc CMakeFiles/DisplayProject.dir/home/user/git/PicoTelegraphDisplay/pico-sdk/src/rp2_common/pico_stdio_uart/stdio_uart.c.obj
 .rodata.__bi_34.5
                0x0000000010005d9c        0x8 CMakeFiles/DisplayProject.dir/home/user/git/PicoTelegraphDisplay/pico-sdk/src/rp2_common/pico_stdio_uart/stdio_uart.c.obj
 .rodata.i2c_set_baudrate.str1.4
                0x0000000010005da4       0x6f CMakeFiles/DisplayProject.dir/home/user/git/PicoTelegraphDisplay/pico-sdk/src/rp2_common/hardware_i2c/i2c.c.obj
 *fill*         0x0000000010005e13        0x1 
 .rodata.__func__.0
                0x0000000010005e14       0x11 CMakeFiles/DisplayProject.dir/home/user/git/PicoTelegraphDisplay/pico-sdk/src/rp2_common/hardware_i2c/i2c.c.obj
 *fill*         0x0000000010005e25        0x3 
 .rodata.DEV_Module_Init.str1.4
                0x0000000010005e28       0x15 lib/Config/libConfig.a(DEV_Config.c.obj)
                0x0000000010005e40                . = ALIGN (0x4)
 *fill*         0x0000000010005e3d        0x3 
 *(SORT_BY_ALIGNMENT(SORT_BY_NAME(.flashdata*)))
                0x0000000010005e40                . = ALIGN (0x4)

.rel.dyn        0x0000000010005e40        0x0
 .rel.iplt      0x0000000010005e40        0x0 /usr/lib/gcc/arm-none-eabi/10.3.1/thumb/v6-m/nofp/crtbegin.o

.ARM.extab
 *(.ARM.extab* .gnu.linkonce.armextab.*)
                0x0000000010005e40                __exidx_start = .

.ARM.exidx
 *(.ARM.exidx* .gnu.linkonce.armexidx.*)
                0x0000000010005e40                __exidx_end = .
                0x0000000010005e40                . = ALIGN (0x4)
                0x0000000010005e40                __binary_info_start = .

.binary_info    0x0000000010005e40       0x28
 *(.binary_info.keep.*)
 .binary_info.keep.__bi_ptr22
                0x0000000010005e40        0x4 CMakeFiles/DisplayProject.dir/home/user/git/PicoTelegraphDisplay/pico-sdk/src/rp2_common/pico_standard_link/binary_info.c.obj
 .binary_info.keep.__bi_ptr30
                0x0000000010005e44        0x4 CMakeFiles/DisplayProject.dir/home/user/git/PicoTelegraphDisplay/pico-sdk/src/rp2_common/pico_standard_link/binary_info.c.obj
 .binary_info.keep.__bi_ptr38
                0x0000000010005e48        0x4 CMakeFiles/DisplayProject.dir/home/user/git/PicoTelegraphDisplay/pico-sdk/src/rp2_common/pico_standard_link/binary_info.c.obj
 .binary_info.keep.__bi_ptr44
                0x0000000010005e4c        0x4 CMakeFiles/DisplayProject.dir/home/user/git/PicoTelegraphDisplay/pico-sdk/src/rp2_common/pico_standard_link/binary_info.c.obj
 .binary_info.keep.__bi_ptr50
                0x0000000010005e50        0x4 CMakeFiles/DisplayProject.dir/home/user/git/PicoTelegraphDisplay/pico-sdk/src/rp2_common/pico_standard_link/binary_info.c.obj
 .binary_info.keep.__bi_ptr56
                0x0000000010005e54        0x4 CMakeFiles/DisplayProject.dir/home/user/git/PicoTelegraphDisplay/pico-sdk/src/rp2_common/pico_standard_link/binary_info.c.obj
 .binary_info.keep.__bi_ptr75
                0x0000000010005e58        0x4 CMakeFiles/DisplayProject.dir/home/user/git/PicoTelegraphDisplay/pico-sdk/src/rp2_common/pico_standard_link/binary_info.c.obj
 .binary_info.keep.__bi_ptr81
                0x0000000010005e5c        0x4 CMakeFiles/DisplayProject.dir/home/user/git/PicoTelegraphDisplay/pico-sdk/src/rp2_common/pico_standard_link/binary_info.c.obj
 *(.binary_info.*)
 .binary_info.__bi_ptr33
                0x0000000010005e60        0x4 CMakeFiles/DisplayProject.dir/home/user/git/PicoTelegraphDisplay/pico-sdk/src/rp2_common/pico_stdio_uart/stdio_uart.c.obj
 .binary_info.__bi_ptr34
                0x0000000010005e64        0x4 CMakeFiles/DisplayProject.dir/home/user/git/PicoTelegraphDisplay/pico-sdk/src/rp2_common/pico_stdio_uart/stdio_uart.c.obj
                0x0000000010005e68                __binary_info_end = .
                0x0000000010005e68                . = ALIGN (0x4)
                0x0000000010005e68                __etext = .

.ram_vector_table
                0x0000000020000000       0xc0
 *(.ram_vector_table)
 .ram_vector_table
                0x0000000020000000       0xc0 CMakeFiles/DisplayProject.dir/home/user/git/PicoTelegraphDisplay/pico-sdk/src/rp2_common/pico_runtime/runtime.c.obj
                0x0000000020000000                ram_vector_table

.data           0x00000000200000c0      0x294 load address 0x0000000010005e68
                0x00000000200000c0                __data_start__ = .
 *(vtable)
 *(.time_critical*)
 .time_critical.mutex_try_enter
                0x00000000200000c0       0x46 CMakeFiles/DisplayProject.dir/home/user/git/PicoTelegraphDisplay/pico-sdk/src/common/pico_sync/mutex.c.obj
                0x00000000200000c0                mutex_try_enter
 *fill*         0x0000000020000106        0x2 
 .time_critical.mutex_enter_block_until
                0x0000000020000108       0x8c CMakeFiles/DisplayProject.dir/home/user/git/PicoTelegraphDisplay/pico-sdk/src/common/pico_sync/mutex.c.obj
                0x0000000020000108                mutex_enter_block_until
 .time_critical.mutex_try_enter_block_until
                0x0000000020000194       0x34 CMakeFiles/DisplayProject.dir/home/user/git/PicoTelegraphDisplay/pico-sdk/src/common/pico_sync/mutex.c.obj
                0x0000000020000194                mutex_try_enter_block_until
 .time_critical.mutex_exit
                0x00000000200001c8       0x4c CMakeFiles/DisplayProject.dir/home/user/git/PicoTelegraphDisplay/pico-sdk/src/common/pico_sync/mutex.c.obj
                0x00000000200001c8                mutex_exit
 .time_critical.spi_write_blocking
                0x0000000020000214       0x3a CMakeFiles/DisplayProject.dir/home/user/git/PicoTelegraphDisplay/pico-sdk/src/rp2_common/hardware_spi/spi.c.obj
                0x0000000020000214                spi_write_blocking
 *(.text*)
 *fill*         0x000000002000024e        0x2 
 .text          0x0000000020000250        0x4 /usr/lib/gcc/arm-none-eabi/10.3.1/thumb/v6-m/nofp/libgcc.a(_dvmd_tls.o)
                0x0000000020000250                __aeabi_ldiv0
                0x0000000020000250                __aeabi_idiv0
 *fill*         0x0000000020000254        0x4 
 .text.__stub   0x0000000020000258       0x20 linker stubs
                0x0000000020000278                . = ALIGN (0x4)
 *(.rodata*)
                0x0000000020000278                . = ALIGN (0x4)
 *(.data*)
 .data.striped_spin_lock_num
                0x0000000020000278        0x1 CMakeFiles/DisplayProject.dir/home/user/git/PicoTelegraphDisplay/pico-sdk/src/rp2_common/hardware_sync/sync.c.obj
 *fill*         0x0000000020000279        0x3 
 .data          0x000000002000027c       0x48 CMakeFiles/DisplayProject.dir/home/user/git/PicoTelegraphDisplay/pico-sdk/src/rp2_common/hardware_irq/irq_handler_chain.S.obj
                0x000000002000027c                irq_handler_chain_slots
                0x00000000200002ac                irq_handler_chain_first_slot
                0x00000000200002b6                irq_handler_chain_remove_tail
 .data.default_alarm_pool
                0x00000000200002c4       0x18 CMakeFiles/DisplayProject.dir/home/user/git/PicoTelegraphDisplay/pico-sdk/src/common/pico_time/time.c.obj
 .data.default_alarm_pool_heap
                0x00000000200002dc       0x10 CMakeFiles/DisplayProject.dir/home/user/git/PicoTelegraphDisplay/pico-sdk/src/common/pico_time/time.c.obj
 *fill*         0x00000000200002ec        0x4 
 .data.aeabi_bits_funcs
                0x00000000200002f0       0x10 CMakeFiles/DisplayProject.dir/home/user/git/PicoTelegraphDisplay/pico-sdk/src/rp2_common/pico_bit_ops/bit_ops_aeabi.S.obj
                0x00000000200002f0                aeabi_bits_funcs
                0x0000000020000300                aeabi_bits_funcs_end
 .data.aeabi_mem_funcs
                0x0000000020000300       0x10 CMakeFiles/DisplayProject.dir/home/user/git/PicoTelegraphDisplay/pico-sdk/src/rp2_common/pico_mem_ops/mem_ops_aeabi.S.obj
                0x0000000020000300                aeabi_mem_funcs
                0x0000000020000310                aeabi_mem_funcs_end
 .data.stdio_uart
                0x0000000020000310       0x18 CMakeFiles/DisplayProject.dir/home/user/git/PicoTelegraphDisplay/pico-sdk/src/rp2_common/pico_stdio_uart/stdio_uart.c.obj
                0x0000000020000310                stdio_uart
 .data.i2c0_inst
                0x0000000020000328        0x8 CMakeFiles/DisplayProject.dir/home/user/git/PicoTelegraphDisplay/pico-sdk/src/rp2_common/hardware_i2c/i2c.c.obj
                0x0000000020000328                i2c0_inst
 .data.i2c1_inst
                0x0000000020000330        0x8 CMakeFiles/DisplayProject.dir/home/user/git/PicoTelegraphDisplay/pico-sdk/src/rp2_common/hardware_i2c/i2c.c.obj
                0x0000000020000330                i2c1_inst
                0x0000000020000338                . = ALIGN (0x4)
 *(.after_data.*)
                0x0000000020000338                . = ALIGN (0x4)
                0x0000000020000338                PROVIDE (__mutex_array_start = .)
 *(SORT_BY_NAME(.mutex_array.*))
 *(.mutex_array)
 .mutex_array   0x0000000020000338        0x8 CMakeFiles/DisplayProject.dir/home/user/git/PicoTelegraphDisplay/pico-sdk/src/rp2_common/pico_stdio/stdio.c.obj
                0x0000000020000340                PROVIDE (__mutex_array_end = .)
                0x0000000020000340                . = ALIGN (0x4)
                0x0000000020000340                PROVIDE (__preinit_array_start = .)
 *(SORT_BY_NAME(.preinit_array.*))
 .preinit_array.00001
                0x0000000020000340        0x4 CMakeFiles/DisplayProject.dir/home/user/git/PicoTelegraphDisplay/pico-sdk/src/rp2_common/pico_mem_ops/mem_ops_aeabi.S.obj
 .preinit_array.00010
                0x0000000020000344        0x4 CMakeFiles/DisplayProject.dir/home/user/git/PicoTelegraphDisplay/pico-sdk/src/rp2_common/pico_bit_ops/bit_ops_aeabi.S.obj
 .preinit_array.00020
                0x0000000020000348        0x4 CMakeFiles/DisplayProject.dir/home/user/git/PicoTelegraphDisplay/pico-sdk/src/rp2_common/pico_double/double_aeabi.S.obj
 .preinit_array.00020
                0x000000002000034c        0x4 CMakeFiles/DisplayProject.dir/home/user/git/PicoTelegraphDisplay/pico-sdk/src/rp2_common/pico_float/float_aeabi.S.obj
 *(.preinit_array)
                0x0000000020000350                PROVIDE (__preinit_array_end = .)
                0x0000000020000350                . = ALIGN (0x4)
                0x0000000020000350                PROVIDE (__init_array_start = .)
 *(SORT_BY_NAME(.init_array.*))
 *(.init_array)
 .init_array    0x0000000020000350        0x4 /usr/lib/gcc/arm-none-eabi/10.3.1/thumb/v6-m/nofp/crtbegin.o
                0x0000000020000354                PROVIDE (__init_array_end = .)
                0x0000000020000354                . = ALIGN (0x4)
                0x0000000020000354                PROVIDE (__fini_array_start = .)
 *(SORT_BY_NAME(.fini_array.*))
 *(.fini_array)
                0x0000000020000354                PROVIDE (__fini_array_end = .)
 *(.jcr)
                0x0000000020000354                . = ALIGN (0x4)
                0x0000000020000354                __data_end__ = .

.tm_clone_table
                0x0000000020000354        0x0 load address 0x00000000100060fc
 .tm_clone_table
                0x0000000020000354        0x0 /usr/lib/gcc/arm-none-eabi/10.3.1/thumb/v6-m/nofp/crtbegin.o
 .tm_clone_table
                0x0000000020000354        0x0 /usr/lib/gcc/arm-none-eabi/10.3.1/thumb/v6-m/nofp/crtend.o

.igot.plt       0x0000000020000354        0x0 load address 0x00000000100060fc
 .igot.plt      0x0000000020000354        0x0 /usr/lib/gcc/arm-none-eabi/10.3.1/thumb/v6-m/nofp/crtbegin.o

.uninitialized_data
                0x0000000020000354        0x0 load address 0x00000000100060fc
                0x0000000020000354                . = ALIGN (0x4)
 *(.uninitialized_data*)

.scratch_x      0x0000000020040000        0x0 load address 0x00000000100060fc
                0x0000000020040000                __scratch_x_start__ = .
 *(.scratch_x.*)
                0x0000000020040000                . = ALIGN (0x4)
                0x0000000020040000                __scratch_x_end__ = .
                0x00000000100060fc                __scratch_x_source__ = LOADADDR (.scratch_x)

.scratch_y      0x0000000020041000        0x0 load address 0x00000000100060fc
                0x0000000020041000                __scratch_y_start__ = .
 *(.scratch_y.*)
                0x0000000020041000                . = ALIGN (0x4)
                0x0000000020041000                __scratch_y_end__ = .
                0x00000000100060fc                __scratch_y_source__ = LOADADDR (.scratch_y)

.bss            0x0000000020000358      0x5fc
                0x0000000020000358                . = ALIGN (0x4)
                0x0000000020000358                __bss_start__ = .
 *(SORT_BY_ALIGNMENT(SORT_BY_NAME(.bss*)))
 .bss.default_alarm_pool_entries
                0x0000000020000358      0x100 CMakeFiles/DisplayProject.dir/home/user/git/PicoTelegraphDisplay/pico-sdk/src/common/pico_time/time.c.obj
 .bss           0x0000000020000458       0x1c /usr/lib/gcc/arm-none-eabi/10.3.1/thumb/v6-m/nofp/crtbegin.o
 .bss.EPD_BL_PIN
                0x0000000020000474        0x4 lib/Config/libConfig.a(DEV_Config.c.obj)
                0x0000000020000474                EPD_BL_PIN
 .bss.EPD_CLK_PIN
                0x0000000020000478        0x4 lib/Config/libConfig.a(DEV_Config.c.obj)
                0x0000000020000478                EPD_CLK_PIN
 .bss.EPD_CS_PIN
                0x000000002000047c        0x4 lib/Config/libConfig.a(DEV_Config.c.obj)
                0x000000002000047c                EPD_CS_PIN
 .bss.EPD_DC_PIN
                0x0000000020000480        0x4 lib/Config/libConfig.a(DEV_Config.c.obj)
                0x0000000020000480                EPD_DC_PIN
 .bss.EPD_MOSI_PIN
                0x0000000020000484        0x4 lib/Config/libConfig.a(DEV_Config.c.obj)
                0x0000000020000484                EPD_MOSI_PIN
 .bss.EPD_RST_PIN
                0x0000000020000488        0x4 lib/Config/libConfig.a(DEV_Config.c.obj)
                0x0000000020000488                EPD_RST_PIN
 .bss.EPD_SCL_PIN
                0x000000002000048c        0x4 lib/Config/libConfig.a(DEV_Config.c.obj)
                0x000000002000048c                EPD_SCL_PIN
 .bss.EPD_SDA_PIN
                0x0000000020000490        0x4 lib/Config/libConfig.a(DEV_Config.c.obj)
                0x0000000020000490                EPD_SDA_PIN
 .bss.alarm_callbacks
                0x0000000020000494       0x10 CMakeFiles/DisplayProject.dir/home/user/git/PicoTelegraphDisplay/pico-sdk/src/rp2_common/hardware_timer/timer.c.obj
 .bss.chars_available_callback
                0x00000000200004a4        0x4 CMakeFiles/DisplayProject.dir/home/user/git/PicoTelegraphDisplay/pico-sdk/src/rp2_common/pico_stdio_uart/stdio_uart.c.obj
 .bss.chars_available_param
                0x00000000200004a8        0x4 CMakeFiles/DisplayProject.dir/home/user/git/PicoTelegraphDisplay/pico-sdk/src/rp2_common/pico_stdio_uart/stdio_uart.c.obj
 .bss.configured_freq
                0x00000000200004ac       0x28 CMakeFiles/DisplayProject.dir/home/user/git/PicoTelegraphDisplay/pico-sdk/src/rp2_common/hardware_clocks/clocks.c.obj
 .bss.default_alarm_pool_entry_ids_high
                0x00000000200004d4       0x10 CMakeFiles/DisplayProject.dir/home/user/git/PicoTelegraphDisplay/pico-sdk/src/common/pico_time/time.c.obj
 .bss.default_alarm_pool_heap_nodes
                0x00000000200004e4       0x30 CMakeFiles/DisplayProject.dir/home/user/git/PicoTelegraphDisplay/pico-sdk/src/common/pico_time/time.c.obj
 .bss.drivers   0x0000000020000514        0x4 CMakeFiles/DisplayProject.dir/home/user/git/PicoTelegraphDisplay/pico-sdk/src/rp2_common/pico_stdio/stdio.c.obj
 .bss.filter    0x0000000020000518        0x4 CMakeFiles/DisplayProject.dir/home/user/git/PicoTelegraphDisplay/pico-sdk/src/rp2_common/pico_stdio/stdio.c.obj
 .bss.pools     0x000000002000051c       0x10 CMakeFiles/DisplayProject.dir/home/user/git/PicoTelegraphDisplay/pico-sdk/src/common/pico_time/time.c.obj
 .bss.s_chDispalyBuffer
                0x000000002000052c      0x200 lib/OLED/libOLED.a(OLED_2in23.c.obj)
 .bss.sd_table  0x000000002000072c      0x100 CMakeFiles/DisplayProject.dir/home/user/git/PicoTelegraphDisplay/pico-sdk/src/rp2_common/pico_double/double_init_rom.c.obj
                0x000000002000072c                sd_table
 .bss.sf_clz_func
                0x000000002000082c        0x4 CMakeFiles/DisplayProject.dir/home/user/git/PicoTelegraphDisplay/pico-sdk/src/rp2_common/pico_double/double_init_rom.c.obj
                0x000000002000082c                sf_clz_func
 .bss.sf_table  0x0000000020000830      0x100 CMakeFiles/DisplayProject.dir/home/user/git/PicoTelegraphDisplay/pico-sdk/src/rp2_common/pico_float/float_init_rom.c.obj
                0x0000000020000830                sf_table
 .bss.sleep_notifier
                0x0000000020000930        0x4 CMakeFiles/DisplayProject.dir/home/user/git/PicoTelegraphDisplay/pico-sdk/src/common/pico_time/time.c.obj
 .bss.slice_num
                0x0000000020000934        0x4 lib/Config/libConfig.a(DEV_Config.c.obj)
                0x0000000020000934                slice_num
 .bss.target_hi
                0x0000000020000938       0x10 CMakeFiles/DisplayProject.dir/home/user/git/PicoTelegraphDisplay/pico-sdk/src/rp2_common/hardware_timer/timer.c.obj
 .bss.uart_char_to_line_feed
                0x0000000020000948        0x4 CMakeFiles/DisplayProject.dir/home/user/git/PicoTelegraphDisplay/pico-sdk/src/rp2_common/hardware_uart/uart.c.obj
                0x0000000020000948                uart_char_to_line_feed
 .bss.uart_instance
                0x000000002000094c        0x4 CMakeFiles/DisplayProject.dir/home/user/git/PicoTelegraphDisplay/pico-sdk/src/rp2_common/pico_stdio_uart/stdio_uart.c.obj
 .bss.claimed   0x0000000020000950        0x1 CMakeFiles/DisplayProject.dir/home/user/git/PicoTelegraphDisplay/pico-sdk/src/rp2_common/hardware_timer/timer.c.obj
 .bss.irq_hander_chain_free_slot_head
                0x0000000020000951        0x1 CMakeFiles/DisplayProject.dir/home/user/git/PicoTelegraphDisplay/pico-sdk/src/rp2_common/hardware_irq/irq.c.obj
 .bss.timer_callbacks_pending
                0x0000000020000952        0x1 CMakeFiles/DisplayProject.dir/home/user/git/PicoTelegraphDisplay/pico-sdk/src/rp2_common/hardware_timer/timer.c.obj
 *(COMMON)
                0x0000000020000954                . = ALIGN (0x4)
 *fill*         0x0000000020000953        0x1 
                0x0000000020000954                __bss_end__ = .

.heap           0x0000000020000954      0x800
                0x0000000020000954                __end__ = .
                0x0000000020000954                end = __end__
 *(.heap*)
 .heap          0x0000000020000954      0x800 CMakeFiles/DisplayProject.dir/home/user/git/PicoTelegraphDisplay/pico-sdk/src/rp2_common/pico_standard_link/crt0.S.obj
                0x0000000020001154                __HeapLimit = .

.stack1_dummy   0x0000000020040000        0x0
 *(.stack1*)

.stack_dummy    0x0000000020041000      0x800
 *(.stack*)
 .stack         0x0000000020041000      0x800 CMakeFiles/DisplayProject.dir/home/user/git/PicoTelegraphDisplay/pico-sdk/src/rp2_common/pico_standard_link/crt0.S.obj

.flash_end      0x00000000100060fc        0x0
                0x00000000100060fc                __flash_binary_end = .
                0x0000000020040000                __StackLimit = (ORIGIN (RAM) + LENGTH (RAM))
                0x0000000020041000                __StackOneTop = (ORIGIN (SCRATCH_X) + LENGTH (SCRATCH_X))
                0x0000000020042000                __StackTop = (ORIGIN (SCRATCH_Y) + LENGTH (SCRATCH_Y))
                0x0000000020041000                __StackOneBottom = (__StackOneTop - SIZEOF (.stack1_dummy))
                0x0000000020041800                __StackBottom = (__StackTop - SIZEOF (.stack_dummy))
                0x0000000020042000                PROVIDE (__stack = __StackTop)
                0x0000000000000001                ASSERT ((__StackLimit >= __HeapLimit), region RAM overflowed)
                0x0000000000000001                ASSERT (((__binary_info_header_end - __logical_binary_start) <= 0x100), Binary info must be in first 256 bytes of the binary)
LOAD CMakeFiles/DisplayProject.dir/DisplayProject.c.obj
LOAD CMakeFiles/DisplayProject.dir/home/user/git/PicoTelegraphDisplay/pico-sdk/src/rp2_common/pico_stdlib/stdlib.c.obj
LOAD CMakeFiles/DisplayProject.dir/home/user/git/PicoTelegraphDisplay/pico-sdk/src/rp2_common/hardware_gpio/gpio.c.obj
LOAD CMakeFiles/DisplayProject.dir/home/user/git/PicoTelegraphDisplay/pico-sdk/src/rp2_common/pico_platform/platform.c.obj
LOAD CMakeFiles/DisplayProject.dir/home/user/git/PicoTelegraphDisplay/pico-sdk/src/rp2_common/hardware_claim/claim.c.obj
LOAD CMakeFiles/DisplayProject.dir/home/user/git/PicoTelegraphDisplay/pico-sdk/src/rp2_common/hardware_sync/sync.c.obj
LOAD CMakeFiles/DisplayProject.dir/home/user/git/PicoTelegraphDisplay/pico-sdk/src/rp2_common/hardware_irq/irq.c.obj
LOAD CMakeFiles/DisplayProject.dir/home/user/git/PicoTelegraphDisplay/pico-sdk/src/rp2_common/hardware_irq/irq_handler_chain.S.obj
LOAD CMakeFiles/DisplayProject.dir/home/user/git/PicoTelegraphDisplay/pico-sdk/src/common/pico_sync/sem.c.obj
LOAD CMakeFiles/DisplayProject.dir/home/user/git/PicoTelegraphDisplay/pico-sdk/src/common/pico_sync/lock_core.c.obj
LOAD CMakeFiles/DisplayProject.dir/home/user/git/PicoTelegraphDisplay/pico-sdk/src/common/pico_sync/mutex.c.obj
LOAD CMakeFiles/DisplayProject.dir/home/user/git/PicoTelegraphDisplay/pico-sdk/src/common/pico_sync/critical_section.c.obj
LOAD CMakeFiles/DisplayProject.dir/home/user/git/PicoTelegraphDisplay/pico-sdk/src/common/pico_time/time.c.obj
LOAD CMakeFiles/DisplayProject.dir/home/user/git/PicoTelegraphDisplay/pico-sdk/src/common/pico_time/timeout_helper.c.obj
LOAD CMakeFiles/DisplayProject.dir/home/user/git/PicoTelegraphDisplay/pico-sdk/src/rp2_common/hardware_timer/timer.c.obj
LOAD CMakeFiles/DisplayProject.dir/home/user/git/PicoTelegraphDisplay/pico-sdk/src/common/pico_util/datetime.c.obj
LOAD CMakeFiles/DisplayProject.dir/home/user/git/PicoTelegraphDisplay/pico-sdk/src/common/pico_util/pheap.c.obj
LOAD CMakeFiles/DisplayProject.dir/home/user/git/PicoTelegraphDisplay/pico-sdk/src/common/pico_util/queue.c.obj
LOAD CMakeFiles/DisplayProject.dir/home/user/git/PicoTelegraphDisplay/pico-sdk/src/rp2_common/hardware_uart/uart.c.obj
LOAD CMakeFiles/DisplayProject.dir/home/user/git/PicoTelegraphDisplay/pico-sdk/src/rp2_common/hardware_clocks/clocks.c.obj
LOAD CMakeFiles/DisplayProject.dir/home/user/git/PicoTelegraphDisplay/pico-sdk/src/rp2_common/hardware_pll/pll.c.obj
LOAD CMakeFiles/DisplayProject.dir/home/user/git/PicoTelegraphDisplay/pico-sdk/src/rp2_common/hardware_vreg/vreg.c.obj
LOAD CMakeFiles/DisplayProject.dir/home/user/git/PicoTelegraphDisplay/pico-sdk/src/rp2_common/hardware_watchdog/watchdog.c.obj
LOAD CMakeFiles/DisplayProject.dir/home/user/git/PicoTelegraphDisplay/pico-sdk/src/rp2_common/hardware_xosc/xosc.c.obj
LOAD CMakeFiles/DisplayProject.dir/home/user/git/PicoTelegraphDisplay/pico-sdk/src/rp2_common/hardware_divider/divider.S.obj
LOAD CMakeFiles/DisplayProject.dir/home/user/git/PicoTelegraphDisplay/pico-sdk/src/rp2_common/pico_runtime/runtime.c.obj
LOAD CMakeFiles/DisplayProject.dir/home/user/git/PicoTelegraphDisplay/pico-sdk/src/rp2_common/pico_printf/printf.c.obj
LOAD CMakeFiles/DisplayProject.dir/home/user/git/PicoTelegraphDisplay/pico-sdk/src/rp2_common/pico_bit_ops/bit_ops_aeabi.S.obj
LOAD CMakeFiles/DisplayProject.dir/home/user/git/PicoTelegraphDisplay/pico-sdk/src/rp2_common/pico_bootrom/bootrom.c.obj
LOAD CMakeFiles/DisplayProject.dir/home/user/git/PicoTelegraphDisplay/pico-sdk/src/rp2_common/pico_divider/divider.S.obj
LOAD CMakeFiles/DisplayProject.dir/home/user/git/PicoTelegraphDisplay/pico-sdk/src/rp2_common/pico_double/double_aeabi.S.obj
LOAD CMakeFiles/DisplayProject.dir/home/user/git/PicoTelegraphDisplay/pico-sdk/src/rp2_common/pico_double/double_init_rom.c.obj
LOAD CMakeFiles/DisplayProject.dir/home/user/git/PicoTelegraphDisplay/pico-sdk/src/rp2_common/pico_double/double_math.c.obj
LOAD CMakeFiles/DisplayProject.dir/home/user/git/PicoTelegraphDisplay/pico-sdk/src/rp2_common/pico_double/double_v1_rom_shim.S.obj
LOAD CMakeFiles/DisplayProject.dir/home/user/git/PicoTelegraphDisplay/pico-sdk/src/rp2_common/pico_int64_ops/pico_int64_ops_aeabi.S.obj
LOAD CMakeFiles/DisplayProject.dir/home/user/git/PicoTelegraphDisplay/pico-sdk/src/rp2_common/pico_float/float_aeabi.S.obj
LOAD CMakeFiles/DisplayProject.dir/home/user/git/PicoTelegraphDisplay/pico-sdk/src/rp2_common/pico_float/float_init_rom.c.obj
LOAD CMakeFiles/DisplayProject.dir/home/user/git/PicoTelegraphDisplay/pico-sdk/src/rp2_common/pico_float/float_math.c.obj
LOAD CMakeFiles/DisplayProject.dir/home/user/git/PicoTelegraphDisplay/pico-sdk/src/rp2_common/pico_float/float_v1_rom_shim.S.obj
LOAD CMakeFiles/DisplayProject.dir/home/user/git/PicoTelegraphDisplay/pico-sdk/src/rp2_common/pico_malloc/pico_malloc.c.obj
LOAD CMakeFiles/DisplayProject.dir/home/user/git/PicoTelegraphDisplay/pico-sdk/src/rp2_common/pico_mem_ops/mem_ops_aeabi.S.obj
LOAD CMakeFiles/DisplayProject.dir/home/user/git/PicoTelegraphDisplay/pico-sdk/src/rp2_common/pico_standard_link/crt0.S.obj
LOAD CMakeFiles/DisplayProject.dir/home/user/git/PicoTelegraphDisplay/pico-sdk/src/rp2_common/pico_standard_link/new_delete.cpp.obj
LOAD CMakeFiles/DisplayProject.dir/home/user/git/PicoTelegraphDisplay/pico-sdk/src/rp2_common/pico_standard_link/binary_info.c.obj
LOAD CMakeFiles/DisplayProject.dir/home/user/git/PicoTelegraphDisplay/pico-sdk/src/rp2_common/pico_stdio/stdio.c.obj
LOAD CMakeFiles/DisplayProject.dir/home/user/git/PicoTelegraphDisplay/pico-sdk/src/rp2_common/pico_stdio_uart/stdio_uart.c.obj
LOAD CMakeFiles/DisplayProject.dir/home/user/git/PicoTelegraphDisplay/pico-sdk/src/rp2_common/hardware_spi/spi.c.obj
LOAD CMakeFiles/DisplayProject.dir/home/user/git/PicoTelegraphDisplay/pico-sdk/src/rp2_common/hardware_i2c/i2c.c.obj
LOAD CMakeFiles/DisplayProject.dir/home/user/git/PicoTelegraphDisplay/pico-sdk/src/rp2_common/hardware_adc/adc.c.obj
LOAD lib/OLED/libOLED.a
LOAD lib/Config/libConfig.a
LOAD /tmp/ccEeuSAC.o
LOAD /usr/lib/gcc/arm-none-eabi/10.3.1/../../../arm-none-eabi/lib/thumb/v6-m/nofp/libstdc++.a
LOAD /usr/lib/gcc/arm-none-eabi/10.3.1/../../../arm-none-eabi/lib/thumb/v6-m/nofp/libm.a
START GROUP
LOAD /usr/lib/gcc/arm-none-eabi/10.3.1/thumb/v6-m/nofp/libgcc.a
LOAD /usr/lib/gcc/arm-none-eabi/10.3.1/../../../arm-none-eabi/lib/thumb/v6-m/nofp/libg.a
LOAD /usr/lib/gcc/arm-none-eabi/10.3.1/../../../arm-none-eabi/lib/thumb/v6-m/nofp/libc.a
END GROUP
START GROUP
LOAD /usr/lib/gcc/arm-none-eabi/10.3.1/thumb/v6-m/nofp/libgcc.a
LOAD /usr/lib/gcc/arm-none-eabi/10.3.1/../../../arm-none-eabi/lib/thumb/v6-m/nofp/libc.a
LOAD /usr/lib/gcc/arm-none-eabi/10.3.1/../../../arm-none-eabi/lib/thumb/v6-m/nofp/libnosys.a
END GROUP
LOAD /usr/lib/gcc/arm-none-eabi/10.3.1/thumb/v6-m/nofp/crtend.o
LOAD /usr/lib/gcc/arm-none-eabi/10.3.1/thumb/v6-m/nofp/crtn.o
OUTPUT(DisplayProject.elf elf32-littlearm)
LOAD linker stubs

.ARM.attributes
                0x0000000000000000       0x28
 .ARM.attributes
                0x0000000000000000       0x1e /usr/lib/gcc/arm-none-eabi/10.3.1/thumb/v6-m/nofp/crti.o
 .ARM.attributes
                0x000000000000001e       0x2c /usr/lib/gcc/arm-none-eabi/10.3.1/thumb/v6-m/nofp/crtbegin.o
 .ARM.attributes
                0x000000000000004a       0x2c CMakeFiles/DisplayProject.dir/DisplayProject.c.obj
 .ARM.attributes
                0x0000000000000076       0x2c CMakeFiles/DisplayProject.dir/home/user/git/PicoTelegraphDisplay/pico-sdk/src/rp2_common/hardware_gpio/gpio.c.obj
 .ARM.attributes
                0x00000000000000a2       0x2c CMakeFiles/DisplayProject.dir/home/user/git/PicoTelegraphDisplay/pico-sdk/src/rp2_common/pico_platform/platform.c.obj
 .ARM.attributes
                0x00000000000000ce       0x2c CMakeFiles/DisplayProject.dir/home/user/git/PicoTelegraphDisplay/pico-sdk/src/rp2_common/hardware_claim/claim.c.obj
 .ARM.attributes
                0x00000000000000fa       0x2c CMakeFiles/DisplayProject.dir/home/user/git/PicoTelegraphDisplay/pico-sdk/src/rp2_common/hardware_sync/sync.c.obj
 .ARM.attributes
                0x0000000000000126       0x2c CMakeFiles/DisplayProject.dir/home/user/git/PicoTelegraphDisplay/pico-sdk/src/rp2_common/hardware_irq/irq.c.obj
 .ARM.attributes
                0x0000000000000152       0x22 CMakeFiles/DisplayProject.dir/home/user/git/PicoTelegraphDisplay/pico-sdk/src/rp2_common/hardware_irq/irq_handler_chain.S.obj
 .ARM.attributes
                0x0000000000000174       0x2c CMakeFiles/DisplayProject.dir/home/user/git/PicoTelegraphDisplay/pico-sdk/src/common/pico_sync/lock_core.c.obj
 .ARM.attributes
                0x00000000000001a0       0x2c CMakeFiles/DisplayProject.dir/home/user/git/PicoTelegraphDisplay/pico-sdk/src/common/pico_sync/mutex.c.obj
 .ARM.attributes
                0x00000000000001cc       0x2c CMakeFiles/DisplayProject.dir/home/user/git/PicoTelegraphDisplay/pico-sdk/src/common/pico_time/time.c.obj
 .ARM.attributes
                0x00000000000001f8       0x2c CMakeFiles/DisplayProject.dir/home/user/git/PicoTelegraphDisplay/pico-sdk/src/rp2_common/hardware_timer/timer.c.obj
 .ARM.attributes
                0x0000000000000224       0x2c CMakeFiles/DisplayProject.dir/home/user/git/PicoTelegraphDisplay/pico-sdk/src/common/pico_util/pheap.c.obj
 .ARM.attributes
                0x0000000000000250       0x2c CMakeFiles/DisplayProject.dir/home/user/git/PicoTelegraphDisplay/pico-sdk/src/rp2_common/hardware_uart/uart.c.obj
 .ARM.attributes
                0x000000000000027c       0x2c CMakeFiles/DisplayProject.dir/home/user/git/PicoTelegraphDisplay/pico-sdk/src/rp2_common/hardware_clocks/clocks.c.obj
 .ARM.attributes
                0x00000000000002a8       0x2c CMakeFiles/DisplayProject.dir/home/user/git/PicoTelegraphDisplay/pico-sdk/src/rp2_common/hardware_pll/pll.c.obj
 .ARM.attributes
                0x00000000000002d4       0x2c CMakeFiles/DisplayProject.dir/home/user/git/PicoTelegraphDisplay/pico-sdk/src/rp2_common/hardware_watchdog/watchdog.c.obj
 .ARM.attributes
                0x0000000000000300       0x2c CMakeFiles/DisplayProject.dir/home/user/git/PicoTelegraphDisplay/pico-sdk/src/rp2_common/hardware_xosc/xosc.c.obj
 .ARM.attributes
                0x000000000000032c       0x2c CMakeFiles/DisplayProject.dir/home/user/git/PicoTelegraphDisplay/pico-sdk/src/rp2_common/pico_runtime/runtime.c.obj
 .ARM.attributes
                0x0000000000000358       0x2c CMakeFiles/DisplayProject.dir/home/user/git/PicoTelegraphDisplay/pico-sdk/src/rp2_common/pico_printf/printf.c.obj
 .ARM.attributes
                0x0000000000000384       0x22 CMakeFiles/DisplayProject.dir/home/user/git/PicoTelegraphDisplay/pico-sdk/src/rp2_common/pico_bit_ops/bit_ops_aeabi.S.obj
 .ARM.attributes
                0x00000000000003a6       0x2c CMakeFiles/DisplayProject.dir/home/user/git/PicoTelegraphDisplay/pico-sdk/src/rp2_common/pico_bootrom/bootrom.c.obj
 .ARM.attributes
                0x00000000000003d2       0x22 CMakeFiles/DisplayProject.dir/home/user/git/PicoTelegraphDisplay/pico-sdk/src/rp2_common/pico_divider/divider.S.obj
 .ARM.attributes
                0x00000000000003f4       0x22 CMakeFiles/DisplayProject.dir/home/user/git/PicoTelegraphDisplay/pico-sdk/src/rp2_common/pico_double/double_aeabi.S.obj
 .ARM.attributes
                0x0000000000000416       0x2c CMakeFiles/DisplayProject.dir/home/user/git/PicoTelegraphDisplay/pico-sdk/src/rp2_common/pico_double/double_init_rom.c.obj
 .ARM.attributes
                0x0000000000000442       0x22 CMakeFiles/DisplayProject.dir/home/user/git/PicoTelegraphDisplay/pico-sdk/src/rp2_common/pico_double/double_v1_rom_shim.S.obj
 .ARM.attributes
                0x0000000000000464       0x22 CMakeFiles/DisplayProject.dir/home/user/git/PicoTelegraphDisplay/pico-sdk/src/rp2_common/pico_int64_ops/pico_int64_ops_aeabi.S.obj
 .ARM.attributes
                0x0000000000000486       0x22 CMakeFiles/DisplayProject.dir/home/user/git/PicoTelegraphDisplay/pico-sdk/src/rp2_common/pico_float/float_aeabi.S.obj
 .ARM.attributes
                0x00000000000004a8       0x2c CMakeFiles/DisplayProject.dir/home/user/git/PicoTelegraphDisplay/pico-sdk/src/rp2_common/pico_float/float_init_rom.c.obj
 .ARM.attributes
                0x00000000000004d4       0x22 CMakeFiles/DisplayProject.dir/home/user/git/PicoTelegraphDisplay/pico-sdk/src/rp2_common/pico_float/float_v1_rom_shim.S.obj
 .ARM.attributes
                0x00000000000004f6       0x22 CMakeFiles/DisplayProject.dir/home/user/git/PicoTelegraphDisplay/pico-sdk/src/rp2_common/pico_mem_ops/mem_ops_aeabi.S.obj
 .ARM.attributes
                0x0000000000000518       0x22 CMakeFiles/DisplayProject.dir/home/user/git/PicoTelegraphDisplay/pico-sdk/src/rp2_common/pico_standard_link/crt0.S.obj
 .ARM.attributes
                0x000000000000053a       0x32 CMakeFiles/DisplayProject.dir/home/user/git/PicoTelegraphDisplay/pico-sdk/src/rp2_common/pico_standard_link/binary_info.c.obj
 .ARM.attributes
                0x000000000000056c       0x2c CMakeFiles/DisplayProject.dir/home/user/git/PicoTelegraphDisplay/pico-sdk/src/rp2_common/pico_stdio/stdio.c.obj
 .ARM.attributes
                0x0000000000000598       0x2c CMakeFiles/DisplayProject.dir/home/user/git/PicoTelegraphDisplay/pico-sdk/src/rp2_common/pico_stdio_uart/stdio_uart.c.obj
 .ARM.attributes
                0x00000000000005c4       0x2c CMakeFiles/DisplayProject.dir/home/user/git/PicoTelegraphDisplay/pico-sdk/src/rp2_common/hardware_spi/spi.c.obj
 .ARM.attributes
                0x00000000000005f0       0x2c CMakeFiles/DisplayProject.dir/home/user/git/PicoTelegraphDisplay/pico-sdk/src/rp2_common/hardware_i2c/i2c.c.obj
 .ARM.attributes
                0x000000000000061c       0x2c lib/OLED/libOLED.a(OLED_2in23.c.obj)
 .ARM.attributes
                0x0000000000000648       0x2c lib/Config/libConfig.a(DEV_Config.c.obj)
 .ARM.attributes
                0x0000000000000674       0x22 /tmp/ccEeuSAC.o
 .ARM.attributes
                0x0000000000000696       0x1e /usr/lib/gcc/arm-none-eabi/10.3.1/thumb/v6-m/nofp/libgcc.a(_dvmd_tls.o)
 .ARM.attributes
                0x00000000000006b4       0x2c /usr/lib/gcc/arm-none-eabi/10.3.1/../../../arm-none-eabi/lib/thumb/v6-m/nofp/libg.a(lib_a-strlen-stub.o)
 .ARM.attributes
                0x00000000000006e0       0x2c /usr/lib/gcc/arm-none-eabi/10.3.1/thumb/v6-m/nofp/crtend.o

.comment        0x0000000000000000       0x33
 .comment       0x0000000000000000       0x33 /usr/lib/gcc/arm-none-eabi/10.3.1/thumb/v6-m/nofp/crtbegin.o
                                         0x34 (size before relaxing)
 .comment       0x0000000000000033       0x34 CMakeFiles/DisplayProject.dir/DisplayProject.c.obj
 .comment       0x0000000000000033       0x34 CMakeFiles/DisplayProject.dir/home/user/git/PicoTelegraphDisplay/pico-sdk/src/rp2_common/hardware_gpio/gpio.c.obj
 .comment       0x0000000000000033       0x34 CMakeFiles/DisplayProject.dir/home/user/git/PicoTelegraphDisplay/pico-sdk/src/rp2_common/pico_platform/platform.c.obj
 .comment       0x0000000000000033       0x34 CMakeFiles/DisplayProject.dir/home/user/git/PicoTelegraphDisplay/pico-sdk/src/rp2_common/hardware_claim/claim.c.obj
 .comment       0x0000000000000033       0x34 CMakeFiles/DisplayProject.dir/home/user/git/PicoTelegraphDisplay/pico-sdk/src/rp2_common/hardware_sync/sync.c.obj
 .comment       0x0000000000000033       0x34 CMakeFiles/DisplayProject.dir/home/user/git/PicoTelegraphDisplay/pico-sdk/src/rp2_common/hardware_irq/irq.c.obj
 .comment       0x0000000000000033       0x34 CMakeFiles/DisplayProject.dir/home/user/git/PicoTelegraphDisplay/pico-sdk/src/common/pico_sync/lock_core.c.obj
 .comment       0x0000000000000033       0x34 CMakeFiles/DisplayProject.dir/home/user/git/PicoTelegraphDisplay/pico-sdk/src/common/pico_sync/mutex.c.obj
 .comment       0x0000000000000033       0x34 CMakeFiles/DisplayProject.dir/home/user/git/PicoTelegraphDisplay/pico-sdk/src/common/pico_time/time.c.obj
 .comment       0x0000000000000033       0x34 CMakeFiles/DisplayProject.dir/home/user/git/PicoTelegraphDisplay/pico-sdk/src/rp2_common/hardware_timer/timer.c.obj